<html>
<body>
<pre>
<h1>礦ision Build Log</h1>
<h2>Tool Versions:</h2>
IDE-Version: μVision V5.14.0.0
Copyright (C) 2015 ARM Ltd and ARM Germany GmbH. All rights reserved.
License Information: gaoyuanlong,  , LIC=2TTEV-PUKSZ-NRSXL-0170Y-NY0SM-8ZV97
 
Tool Versions:
Toolchain:       MDK-ARM Professional  Version: 5.14.0.0
Toolchain Path:  d:\Keil_v5\ARM\ARMCC\Bin
C Compiler:      Armcc.exe V5.05 update 1 (build 106)
Assembler:       Armasm.exe V5.05 update 1 (build 106)
Linker/Locator:  ArmLink.exe V5.05 update 1 (build 106)
Library Manager: ArmAr.exe V5.05 update 1 (build 106)
Hex Converter:   FromElf.exe V5.05 update 1 (build 106)
CPU DLL:         SARMCM3.DLL V5.14.0.0
Dialog DLL:      DCM.DLL V1.13.1.0
Target DLL:      UL2CM3.DLL V1.155.0.0
Dialog DLL:      TCM.DLL V1.14.4.0
 
<h2>Project:</h2>
C:\Users\gaoyuanlong\Desktop\四轴调试\Q_new\Project\Pro.uvprojx
Project File Date:  03/08/2018

<h2>Output:</h2>
Build target 'Target 1'
compiling main.c...
compiling Scheduler.c...
compiling Communication.c...
compiling FlyControl.c...
..\User\Code_C\src\FlyControl.c(193): warning:  #1035-D: single-precision operand implicitly converted to double-precision
                ATT_XY_RC.x = Radians(Math.Dead_Zone(PWM_RC_F_B - PWM_RC_MID,10) / PWM_RC_RANGE * ATT_ANGLE_MAX);
..\User\Code_C\src\FlyControl.c(194): warning:  #1035-D: single-precision operand implicitly converted to double-precision
                ATT_XY_RC.y = Radians(Math.Dead_Zone(PWM_RC_L_R - PWM_RC_MID,10) / PWM_RC_RANGE * ATT_ANGLE_MAX);
..\User\Code_C\src\FlyControl.c(257): warning:  #1035-D: single-precision operand implicitly converted to double-precision
                Control_Para.ATT_Inner_PID_z.Setpoint = (1 - ATT_FILTER_SPEED) * Control_Para.ATT_Inner_PID_z.Setpoint + ATT_FILTER_SPEED * Radians((float)Math.Dead_Zone(PWM_RC_MID - PWM_RC_Lr_Rr ,10) / PWM_RC_RANGE * ATT_ANGLE_SPEED_RC_Z_MAX);
..\User\Code_C\src\FlyControl.c(431): warning:  #1035-D: single-precision operand implicitly converted to double-precision
                Control_Para.POS_Outer_PID_x.Feedback = Math.Constrain(Position.Position_xyz.x,Control_Para.Home.x + POS_POS_FEEBACK_MAX_XY,Control_Para.Home.x);
..\User\Code_C\src\FlyControl.c(448): warning:  #1035-D: single-precision operand implicitly converted to double-precision
                Control_Para.POS_Outer_PID_y.Feedback = Math.Constrain(Position.Position_xyz.y,Control_Para.Home.y + POS_POS_FEEBACK_MAX_XY,Control_Para.Home.y);
..\User\Code_C\src\FlyControl.c(469): warning:  #1035-D: single-precision operand implicitly converted to double-precision
                Control_Para.POS_Outer_PID_z.Feedback = Math.Constrain(Position.Position_xyz.z,Control_Para.Home.z + POS_POS_FEEBACK_MAX_Z,Control_Para.Home.z);
..\User\Code_C\src\FlyControl.c: 6 warnings, 0 errors
compiling Attitude.c...
compiling Position.c...
..\User\Code_C\src\Position.c(49): warning:  #1035-D: single-precision operand implicitly converted to double-precision
        Altitude_Estimate = MS5611.Data->Altitude*100.0;//高度观测量 m转cm 单位cm
..\User\Code_C\src\Position.c(63): warning:  #1035-D: single-precision operand implicitly converted to double-precision
        SpeedDealt = (Last_Acc_z + Position.Acc.z) * Delta_T/2.0;
..\User\Code_C\src\Position.c(65): warning:  #1035-D: single-precision operand implicitly converted to double-precision
        Origion_Position_z += (Position.Speed.z + 0.5*SpeedDealt) * Delta_T;
..\User\Code_C\src\Position.c: 3 warnings, 0 errors
compiling SysState.c...
..\User\Code_C\src\SysState.c(34): warning:  #177-D: variable "IsAnyError" was declared but never referenced
        BOOL IsAnyError = False;
..\User\Code_C\src\SysState.c: 1 warning, 0 errors
compiling Math_User.c...
compiling SD_APP.c...
compiling Target.cpp...
compiling I2C_Soft.cpp...
compiling Filter.cpp...
..\User\Code_C++\src\Filter.cpp(253): warning:  #1035-D: single-precision operand implicitly converted to double-precision
        Out += Out_D*Dt + 0.5*Input_DD*Dt*Dt;
..\User\Code_C++\src\Filter.cpp: 1 warning, 0 errors
compiling PID.cpp...
compiling GPS_Parse.cpp...
..\User\Code_C++\src\GPS_Parse.cpp(111): warning:  #177-D: variable "Lon_Deg" was declared but never referenced
        double  Lon_Deg = 0 ,Lat_Deg = 0;
..\User\Code_C++\src\GPS_Parse.cpp(111): warning:  #177-D: variable "Lat_Deg" was declared but never referenced
        double  Lon_Deg = 0 ,Lat_Deg = 0;
..\User\Code_C++\src\GPS_Parse.cpp(112): warning:  #177-D: variable "Lat_Int_Temp" was declared but never referenced
        int Lat_Int_Temp = 0, Lon_Int_Temp = 0;
..\User\Code_C++\src\GPS_Parse.cpp(112): warning:  #177-D: variable "Lon_Int_Temp" was declared but never referenced
        int Lat_Int_Temp = 0, Lon_Int_Temp = 0;
..\User\Code_C++\src\GPS_Parse.cpp: 4 warnings, 0 errors
compiling MPU6050.c...
compiling HMC5883.c...
..\User\Code_C\src\HMC5883.c(40): warning:  #177-D: variable "ErrorCnt" was declared but never referenced
        static u16 ErrorCnt = 0; // 100次中，错误多少次
..\User\Code_C\src\HMC5883.c(41): warning:  #177-D: variable "AllCnt" was declared but never referenced
        static u16 AllCnt = 0;   // 记录读取多少次，连续最大100次
..\User\Code_C\src\HMC5883.c: 2 warnings, 0 errors
compiling MS5611.c...
compiling Time.c...
compiling Led.c...
compiling Motor.c...
compiling PWM_Capture.c...
compiling Battery.c...
compiling GPS_UART.c...
compiling Buzzer.c...
compiling USART.c...
compiling SDCard.c...
compiling Queue.c...
compiling SBUS.c...
compiling Ultra.c...
assembling startup_stm32f40_41xxx.s...
compiling system_stm32f4xx.c...
compiling stm32f4xx_it.c...
compiling misc.c...
compiling stm32f4xx_gpio.c...
compiling stm32f4xx_tim.c...
compiling stm32f4xx_usart.c...
compiling stm32f4xx_rcc.c...
compiling stm32f4xx_adc.c...
compiling stm32f4xx_dma.c...
compiling stm32f4xx_spi.c...
compiling stm32f4xx_exti.c...
compiling stm32f4xx_syscfg.c...
compiling stm32f4xx_flash.c...
compiling arm_common_tables.c...
compiling arm_sin_f32.c...
compiling arm_cos_f32.c...
compiling diskio.c...
compiling ff.c...
linking...
Program Size: Code=53486 RO-data=3178 RW-data=2928 ZI-data=4864  
FromELF: creating hex file...
".\Browse\Pro.axf" - 0 Error(s), 17 Warning(s).

<h2>Collection of Component include folders:</h2>
  C:\Users\gaoyuanlong\Desktop\四轴调试\Q_new\Project\RTE
  d:\Keil_v5\ARM\PACK\Keil\STM32F4xx_DFP\2.11.0

<h2>Collection of Component Files used:</h2>
</pre>
</body>
</html>
