Component: ARM Compiler 5.05 update 1 (build 106) Tool: armlink [4d0efa]

==============================================================================

Section Cross References

    main.o(i._Z8Get_Timev) refers to ffltll_clz.o(x$fpl$ffltll) for __aeabi_ul2f
    main.o(i._Z8Get_Timev) refers to time.o(.data) for SystemTime
    main.o(i._Z8Get_Timev) refers to main.o(.data) for Time_Pre
    main.o(i.__sti___6_main_c_TG_50HZ) refers to main.o(i._ZN7Target_C1EPFvtEi) for Target_::Target_(void(*)(unsigned short), int)
    main.o(i.__sti___6_main_c_TG_50HZ) refers to scheduler.o(.data) for Scheduler
    main.o(i.__sti___6_main_c_TG_50HZ) refers to main.o(.bss) for TG_50HZ
    main.o(i.main) refers to misc.o(i.NVIC_PriorityGroupConfig) for NVIC_PriorityGroupConfig
    main.o(i.main) refers to target.o(i._ZN7Target_3RunEv) for Target_::Run()
    main.o(i.main) refers to time.o(.data) for SystemTime
    main.o(i.main) refers to led.o(.data) for Led
    main.o(i.main) refers to buzzer.o(.data) for Buzzer
    main.o(i.main) refers to usart.o(.data) for usart1
    main.o(i.main) refers to attitude.o(.data) for Attitude
    main.o(i.main) refers to position.o(.data) for Position
    main.o(i.main) refers to pwm_capture.o(.data) for PWM_In
    main.o(i.main) refers to battery.o(.data) for Power
    main.o(i.main) refers to motor.o(.data) for Motor
    main.o(i.main) refers to main.o(.bss) for TG_50HZ
    main.o(.ARM.exidx) refers to main.o(i._Z8Get_Timev) for i._Z8Get_Timev
    main.o(.ARM.exidx) refers to main.o(i.main) for i.main
    main.o(.ARM.exidx) refers to main.o(i.__sti___6_main_c_TG_50HZ) for i.__sti___6_main_c_TG_50HZ
    main.o(.init_array) refers to main.o(i.__sti___6_main_c_TG_50HZ) for __sti___6_main_c_TG_50HZ
    main.o(.init_array) refers to init_aeabi.o(.text) for __cpp_initialize__aeabi_
    scheduler.o(i._Z10Loop_100Hzt) refers to ms5611.o(.data) for MS5611
    scheduler.o(i._Z10Loop_200Hzt) refers to position.o(.data) for Position
    scheduler.o(i._Z10Loop_200Hzt) refers to hmc5883.o(.data) for HMC5883
    scheduler.o(i._Z10Loop_200Hzt) refers to flycontrol.o(.data) for FlyControl
    scheduler.o(i._Z10Loop_500Hzt) refers to mpu6050.o(.data) for MPU6050
    scheduler.o(i._Z10Loop_500Hzt) refers to attitude.o(.data) for Attitude
    scheduler.o(i._Z10Loop_500Hzt) refers to flycontrol.o(.data) for FlyControl
    scheduler.o(i._Z9Loop_50Hzt) refers to gps_parse.o(i._ZN3GPS10GPS_UpdateEv) for GPS::GPS_Update()
    scheduler.o(i._Z9Loop_50Hzt) refers to gps_parse.o(.bss) for GPS_Location
    scheduler.o(i._Z9Loop_50Hzt) refers to pwm_capture.o(.data) for PWM_In
    scheduler.o(i._Z9Loop_50Hzt) refers to flycontrol.o(.data) for FlyControl
    scheduler.o(i._Z9Loop_50Hzt) refers to battery.o(.data) for Power
    scheduler.o(i._Z9Loop_50Hzt) refers to sysstate.o(.data) for SystemState
    scheduler.o(i._Z9Loop_50Hzt) refers to communication.o(.data) for Communication
    scheduler.o(.ARM.exidx) refers to scheduler.o(i._Z11Loop_1000Hzt) for i._Z11Loop_1000Hzt
    scheduler.o(.ARM.exidx) refers to scheduler.o(i._Z10Loop_500Hzt) for i._Z10Loop_500Hzt
    scheduler.o(.ARM.exidx) refers to scheduler.o(i._Z10Loop_200Hzt) for i._Z10Loop_200Hzt
    scheduler.o(.ARM.exidx) refers to scheduler.o(i._Z10Loop_100Hzt) for i._Z10Loop_100Hzt
    scheduler.o(.ARM.exidx) refers to scheduler.o(i._Z9Loop_50Hzt) for i._Z9Loop_50Hzt
    scheduler.o(.data) refers to scheduler.o(i._Z11Loop_1000Hzt) for Loop_1000Hz(unsigned short)
    scheduler.o(.data) refers to scheduler.o(i._Z10Loop_500Hzt) for Loop_500Hz(unsigned short)
    scheduler.o(.data) refers to scheduler.o(i._Z10Loop_200Hzt) for Loop_200Hz(unsigned short)
    scheduler.o(.data) refers to scheduler.o(i._Z10Loop_100Hzt) for Loop_100Hz(unsigned short)
    scheduler.o(.data) refers to scheduler.o(i._Z9Loop_50Hzt) for Loop_50Hz(unsigned short)
    communication.o(i._Z10Char_2_IntPh) refers to dflt_clz.o(x$fpl$dfltu) for __aeabi_ui2d
    communication.o(i._Z10Char_2_IntPh) refers to dmul.o(x$fpl$dmul) for __aeabi_dmul
    communication.o(i._Z10Char_2_IntPh) refers to dfixu.o(x$fpl$dfixu) for __aeabi_d2uiz
    communication.o(i._Z10Send_RC_PCv) refers to communication.o(.bss) for Communicate_BUF
    communication.o(i._Z10Send_RC_PCv) refers to pwm_capture.o(.data) for PWM_In
    communication.o(i._Z10Send_RC_PCv) refers to usart.o(.data) for usart1
    communication.o(i._Z11Communicatev) refers to communication.o(i._Z12Send_Data_PCv) for Send_Data_PC()
    communication.o(i._Z11Communicatev) refers to communication.o(i._Z16Data_Analysis_PCv) for Data_Analysis_PC()
    communication.o(i._Z12Send_Data_PCv) refers to communication.o(i._Z13Send_Eular_PCv) for Send_Eular_PC()
    communication.o(i._Z12Send_Data_PCv) refers to communication.o(i._Z14Send_Senser_PCv) for Send_Senser_PC()
    communication.o(i._Z12Send_Data_PCv) refers to communication.o(i._Z10Send_RC_PCv) for Send_RC_PC()
[...]
    FLASH_ProgramWord                        0x08000845   Thumb Code    74  stm32f4xx_flash.o(i.FLASH_ProgramWord)
    FLASH_Unlock                             0x08000895   Thumb Code    24  stm32f4xx_flash.o(i.FLASH_Unlock)
    FLASH_WaitForLastOperation               0x080008b9   Thumb Code    34  stm32f4xx_flash.o(i.FLASH_WaitForLastOperation)
    GPIO_Init                                0x080008db   Thumb Code   144  stm32f4xx_gpio.o(i.GPIO_Init)
    GPIO_PinAFConfig                         0x0800096b   Thumb Code    70  stm32f4xx_gpio.o(i.GPIO_PinAFConfig)
    GPIO_ResetBits                           0x080009b1   Thumb Code     4  stm32f4xx_gpio.o(i.GPIO_ResetBits)
    GPIO_SetBits                             0x080009b5   Thumb Code     4  stm32f4xx_gpio.o(i.GPIO_SetBits)
    HardFault_Handler                        0x080009b9   Thumb Code     4  stm32f4xx_it.o(i.HardFault_Handler)
    MemManage_Handler                        0x080009bd   Thumb Code     4  stm32f4xx_it.o(i.MemManage_Handler)
    NMI_Handler                              0x080009c1   Thumb Code     2  stm32f4xx_it.o(i.NMI_Handler)
    NVIC_Init                                0x080009c5   Thumb Code   106  misc.o(i.NVIC_Init)
    NVIC_PriorityGroupConfig                 0x08000a3d   Thumb Code    10  misc.o(i.NVIC_PriorityGroupConfig)
    PendSV_Handler                           0x08000a51   Thumb Code     2  stm32f4xx_it.o(i.PendSV_Handler)
    RCC_AHB1PeriphClockCmd                   0x08000a55   Thumb Code    26  stm32f4xx_rcc.o(i.RCC_AHB1PeriphClockCmd)
    RCC_APB1PeriphClockCmd                   0x08000a75   Thumb Code    26  stm32f4xx_rcc.o(i.RCC_APB1PeriphClockCmd)
    RCC_APB1PeriphResetCmd                   0x08000a95   Thumb Code    26  stm32f4xx_rcc.o(i.RCC_APB1PeriphResetCmd)
    RCC_APB2PeriphClockCmd                   0x08000ab5   Thumb Code    26  stm32f4xx_rcc.o(i.RCC_APB2PeriphClockCmd)
    RCC_APB2PeriphResetCmd                   0x08000ad5   Thumb Code    26  stm32f4xx_rcc.o(i.RCC_APB2PeriphResetCmd)
    RCC_GetClocksFreq                        0x08000af5   Thumb Code   214  stm32f4xx_rcc.o(i.RCC_GetClocksFreq)
    SVC_Handler                              0x08000bd9   Thumb Code     2  stm32f4xx_it.o(i.SVC_Handler)
    SysTick_Handler                          0x08000bdd   Thumb Code    20  time.o(i.SysTick_Handler)
    SystemInit                               0x08000bf5   Thumb Code    88  system_stm32f4xx.o(i.SystemInit)
    TIM4_IRQHandler                          0x08000c5d   Thumb Code   502  pwm_capture.o(i.TIM4_IRQHandler)
    TIM5_IRQHandler                          0x08000e75   Thumb Code    70  ms5611.o(i.TIM5_IRQHandler)
    TIM8_CC_IRQHandler                       0x08000ec5   Thumb Code   252  pwm_capture.o(i.TIM8_CC_IRQHandler)
    TIM_ARRPreloadConfig                     0x08000fd5   Thumb Code    24  stm32f4xx_tim.o(i.TIM_ARRPreloadConfig)
    TIM_ClearITPendingBit                    0x08000fed   Thumb Code     6  stm32f4xx_tim.o(i.TIM_ClearITPendingBit)
    TIM_Cmd                                  0x08000ff3   Thumb Code    24  stm32f4xx_tim.o(i.TIM_Cmd)
    TIM_DeInit                               0x0800100d   Thumb Code   346  stm32f4xx_tim.o(i.TIM_DeInit)
    TIM_GetCapture1                          0x0800119d   Thumb Code     6  stm32f4xx_tim.o(i.TIM_GetCapture1)
    TIM_GetCapture2                          0x080011a3   Thumb Code     6  stm32f4xx_tim.o(i.TIM_GetCapture2)
    TIM_GetCapture3                          0x080011a9   Thumb Code     6  stm32f4xx_tim.o(i.TIM_GetCapture3)
    TIM_GetCapture4                          0x080011af   Thumb Code     6  stm32f4xx_tim.o(i.TIM_GetCapture4)
    TIM_GetITStatus                          0x080011b5   Thumb Code    34  stm32f4xx_tim.o(i.TIM_GetITStatus)
    TIM_ICInit                               0x080011d7   Thumb Code   110  stm32f4xx_tim.o(i.TIM_ICInit)
    TIM_ITConfig                             0x08001245   Thumb Code    18  stm32f4xx_tim.o(i.TIM_ITConfig)
    TIM_OC1Init                              0x08001259   Thumb Code   114  stm32f4xx_tim.o(i.TIM_OC1Init)
    TIM_OC1PreloadConfig                     0x080012d5   Thumb Code    18  stm32f4xx_tim.o(i.TIM_OC1PreloadConfig)
    TIM_OC2Init                              0x080012e9   Thumb Code   154  stm32f4xx_tim.o(i.TIM_OC2Init)
    TIM_OC2PreloadConfig                     0x0800138d   Thumb Code    26  stm32f4xx_tim.o(i.TIM_OC2PreloadConfig)
    TIM_OC3Init                              0x080013a9   Thumb Code   150  stm32f4xx_tim.o(i.TIM_OC3Init)
    TIM_OC3PreloadConfig                     0x08001449   Thumb Code    18  stm32f4xx_tim.o(i.TIM_OC3PreloadConfig)
    TIM_OC4Init                              0x0800145d   Thumb Code   112  stm32f4xx_tim.o(i.TIM_OC4Init)
    TIM_OC4PreloadConfig                     0x080014d5   Thumb Code    26  stm32f4xx_tim.o(i.TIM_OC4PreloadConfig)
    TIM_SetCompare1                          0x080014ef   Thumb Code     4  stm32f4xx_tim.o(i.TIM_SetCompare1)
    TIM_SetCompare2                          0x080014f3   Thumb Code     4  stm32f4xx_tim.o(i.TIM_SetCompare2)
    TIM_SetCompare3                          0x080014f7   Thumb Code     4  stm32f4xx_tim.o(i.TIM_SetCompare3)
    TIM_SetCompare4                          0x080014fb   Thumb Code     4  stm32f4xx_tim.o(i.TIM_SetCompare4)
    TIM_SetIC1Prescaler                      0x080014ff   Thumb Code    18  stm32f4xx_tim.o(i.TIM_SetIC1Prescaler)
    TIM_SetIC2Prescaler                      0x08001511   Thumb Code    26  stm32f4xx_tim.o(i.TIM_SetIC2Prescaler)
    TIM_SetIC3Prescaler                      0x0800152b   Thumb Code    18  stm32f4xx_tim.o(i.TIM_SetIC3Prescaler)
    TIM_SetIC4Prescaler                      0x0800153d   Thumb Code    26  stm32f4xx_tim.o(i.TIM_SetIC4Prescaler)
    TIM_TimeBaseInit                         0x08001559   Thumb Code   104  stm32f4xx_tim.o(i.TIM_TimeBaseInit)
    UART4_IRQHandler                         0x080015dd   Thumb Code    98  gps_uart.o(i.UART4_IRQHandler)
    USART1_IRQHandler                        0x08001651   Thumb Code    98  usart.o(i.USART1_IRQHandler)
    USART2_IRQHandler                        0x080016c5   Thumb Code   162  sbus.o(i.USART2_IRQHandler)
    USART_ClearITPendingBit                  0x08001789   Thumb Code    30  stm32f4xx_usart.o(i.USART_ClearITPendingBit)
    USART_Cmd                                0x080017a7   Thumb Code    24  stm32f4xx_usart.o(i.USART_Cmd)
    USART_GetFlagStatus                      0x080017bf   Thumb Code    26  stm32f4xx_usart.o(i.USART_GetFlagStatus)
    USART_GetITStatus                        0x080017d9   Thumb Code    84  stm32f4xx_usart.o(i.USART_GetITStatus)
    USART_ITConfig                           0x0800182d   Thumb Code    74  stm32f4xx_usart.o(i.USART_ITConfig)
    USART_Init                               0x08001879   Thumb Code   204  stm32f4xx_usart.o(i.USART_Init)
    USART_ReceiveData                        0x0800194d   Thumb Code    10  stm32f4xx_usart.o(i.USART_ReceiveData)
    USART_SendData                           0x08001957   Thumb Code     8  stm32f4xx_usart.o(i.USART_SendData)
    UsageFault_Handler                       0x0800195f   Thumb Code     4  stm32f4xx_it.o(i.UsageFault_Handler)
    ADC_Updata()                             0x08001965   Thumb Code    52  battery.o(i._Z10ADC_Updatav)
    Buzzer_Off()                             0x080019ad   Thumb Code    14  buzzer.o(i._Z10Buzzer_Offv)
    Loop_100Hz(unsigned short)               0x080019c1   Thumb Code    12  scheduler.o(i._Z10Loop_100Hzt)
    Loop_200Hz(unsigned short)               0x080019d1   Thumb Code    36  scheduler.o(i._Z10Loop_200Hzt)
    Loop_500Hz(unsigned short)               0x08001a01   Thumb Code    34  scheduler.o(i._Z10Loop_500Hzt)
    Motor_Hold()                             0x08001a31   Thumb Code    68  motor.o(i._Z10Motor_Holdv)
    Motor_Init()                             0x08001a79   Thumb Code    16  motor.o(i._Z10Motor_Initv)
    Motor_Stop()                             0x08001a89   Thumb Code    80  motor.o(i._Z10Motor_Stopv)
    Read_Flash(unsigned short)               0x08001ae1   Thumb Code    28  mpu6050.o(i._Z10Read_Flasht)
    Send_RC_PC()                             0x08001b05   Thumb Code   428  communication.o(i._Z10Send_RC_PCv)
    TimeNow_MS()                             0x08001de1   Thumb Code     8  time.o(i._Z10TimeNow_MSv)
    TimeNow_US()                             0x08001ded   Thumb Code   152  time.o(i._Z10TimeNow_USv)
    Buzzer_Init()                            0x08001e8d   Thumb Code    56  buzzer.o(i._Z11Buzzer_Initv)
    Communicate()                            0x08001ec9   Thumb Code    14  communication.o(i._Z11Communicatev)
    GPS_receive(unsigned char*, unsigned short) 0x08001ed9   Thumb Code    52  gps_uart.o(i._Z11GPS_receivePht)
    LED_Reverse(unsigned short, unsigned)    0x08001f15   Thumb Code    52  led.o(i._Z11LED_Reversetj)
    Loop_1000Hz(unsigned short)              0x08001f55   Thumb Code     2  scheduler.o(i._Z11Loop_1000Hzt)
    SBUS_Updata()                            0x08001f57   Thumb Code     8  sbus.o(i._Z11SBUS_Updatav)
    Time_WaitMS(unsigned)                    0x0800204d   Thumb Code    24  time.o(i._Z11Time_WaitMSj)
    Time_WaitUS(unsigned)                    0x08002065   Thumb Code    28  time.o(i._Z11Time_WaitUSj)
    Write_Flash()                            0x08002081   Thumb Code   260  mpu6050.o(i._Z11Write_Flashv)
    usart1_init(unsigned)                    0x08002191   Thumb Code   216  usart.o(i._Z11usart1_initj)
    usart1_send(unsigned char*, unsigned short) 0x08002285   Thumb Code    70  usart.o(i._Z11usart1_sendPht)
    ADC_DMA_Init()                           0x080022d9   Thumb Code    90  battery.o(i._Z12ADC_DMA_Initv)
    HMC5883_Init()                           0x08002341   Thumb Code    54  hmc5883.o(i._Z12HMC5883_Initv)
    MPU6050_Init()                           0x08002381   Thumb Code   114  mpu6050.o(i._Z12MPU6050_Initv)
    MS5611_Reset()                           0x080023fd   Thumb Code    52  ms5611.o(i._Z12MS5611_Resetv)
    Motor_Output(BOOL)                       0x08002435   Thumb Code   752  motor.o(i._Z12Motor_Output4BOOL)
    POS_Acc_Loop(unsigned)                   0x08002749   Thumb Code   306  flycontrol.o(i._Z12POS_Acc_Loopj)
    PWM_CPT_Init(unsigned short, unsigned short) 0x080028c5   Thumb Code    30  pwm_capture.o(i._Z12PWM_CPT_Inittt)
    SBUS_Receive()                           0x080028e9   Thumb Code   214  sbus.o(i._Z12SBUS_Receivev)
    SW_POS_Judge(unsigned short)             0x080029e5   Thumb Code    28  sbus.o(i._Z12SW_POS_Judget)
    Send_Data_PC()                           0x08002a01   Thumb Code    60  communication.o(i._Z12Send_Data_PCv)
    State_Updata(unsigned short)             0x08002a3d   Thumb Code    24  sysstate.o(i._Z12State_Updatat)
    Updata_Eular()                           0x08002a55   Thumb Code   124  attitude.o(i._Z12Updata_Eularv)
    ADC_GOIO_Init()                          0x08002b15   Thumb Code    42  battery.o(i._Z13ADC_GOIO_Initv)
    Attitude_Init()                          0x08002b45   Thumb Code    16  attitude.o(i._Z13Attitude_Initv)
    Body_To_Earth(Vector, float, float)      0x08002b5d   Thumb Code   216  math_user.o(i._Z13Body_To_Earth6Vectorff)
    GPS_Str2Float(const unsigned char*)      0x08002c39   Thumb Code   320  gps_parse.o(i._Z13GPS_Str2FloatPKh)
    GPS_UART_init(unsigned)                  0x08002d91   Thumb Code   214  gps_uart.o(i._Z13GPS_UART_initj)
    MS561101_Init()                          0x08002e85   Thumb Code    38  ms5611.o(i._Z13MS561101_Initv)
    MS5611_Updata()                          0x08002eb5   Thumb Code   876  ms5611.o(i._Z13MS5611_Updatav)
    PWM_POS_Judge(unsigned short)            0x08003279   Thumb Code   124  pwm_capture.o(i._Z13PWM_POS_Judget)
    Position_Init()                          0x08003315   Thumb Code    20  position.o(i._Z13Position_Initv)
    Send_Eular_PC()                          0x08003331   Thumb Code   358  communication.o(i._Z13Send_Eular_PCv)
    Send_Motor_PC()                          0x080034b1   Thumb Code   292  communication.o(i._Z13Send_Motor_PCv)
    Send_Reply_PC(unsigned short, unsigned char) 0x080035e9   Thumb Code    70  communication.o(i._Z13Send_Reply_PCth)
    ATT_Inner_Loop(unsigned)                 0x08003639   Thumb Code   440  flycontrol.o(i._Z14ATT_Inner_Loopj)
    ATT_Outer_Loop(unsigned)                 0x08003801   Thumb Code  1618  flycontrol.o(i._Z14ATT_Outer_Loopj)
    HMC5883_Updata()                         0x08003e7d   Thumb Code   466  hmc5883.o(i._Z14HMC5883_Updatav)
    MPU6050_Updata()                         0x08004061   Thumb Code    16  mpu6050.o(i._Z14MPU6050_Updatav)
    Motor_TIM_Init()                         0x08004071   Thumb Code   360  motor.o(i._Z14Motor_TIM_Initv)
    POS_Inner_Loop(unsigned)                 0x080041e9   Thumb Code   230  flycontrol.o(i._Z14POS_Inner_Loopj)
    POS_Outer_Loop(unsigned)                 0x08004311   Thumb Code   666  flycontrol.o(i._Z14POS_Outer_Loopj)
    PWM_CPT_Updata()                         0x08004611   Thumb Code   738  pwm_capture.o(i._Z14PWM_CPT_Updatav)
    Send_Senser_PC()                         0x0800491d   Thumb Code   510  communication.o(i._Z14Send_Senser_PCv)
    usart1_receive(unsigned char*, unsigned short) 0x08004b2d   Thumb Code    52  usart.o(i._Z14usart1_receivePht)
    Motor_GPIO_Init()                        0x08004b69   Thumb Code   154  motor.o(i._Z15Motor_GPIO_Initv)
    Position_Updata(unsigned short)          0x08004c0d   Thumb Code   226  position.o(i._Z15Position_Updatat)
    Send_Senser2_PC()                        0x08004d09   Thumb Code   242  communication.o(i._Z15Send_Senser2_PCv)
    Controller_State(unsigned short)         0x08004e0d   Thumb Code   542  sysstate.o(i._Z16Controller_Statet)
    Data_Analysis_PC()                       0x08005061   Thumb Code  1248  communication.o(i._Z16Data_Analysis_PCv)
    MPU6050_Read_ACC()                       0x08005545   Thumb Code   288  mpu6050.o(i._Z16MPU6050_Read_ACCv)
    MPU6050_Read_GYR()                       0x08005671   Thumb Code   288  mpu6050.o(i._Z16MPU6050_Read_GYRv)
    MS5611_PROM_Read()                       0x0800579d   Thumb Code   120  ms5611.o(i._Z16MS5611_PROM_Readv)
    PWM_CPT_TIM_Init()                       0x0800581d   Thumb Code   298  pwm_capture.o(i._Z16PWM_CPT_TIM_Initv)
    Send_PID_Para_PC(unsigned char)          0x08005951   Thumb Code  1090  communication.o(i._Z16Send_PID_Para_PCh)
    Send_UserData_PC()                       0x08005d9d   Thumb Code   776  communication.o(i._Z16Send_UserData_PCv)
    MPU6050_Calibrate()                      0x080060c5   Thumb Code   480  mpu6050.o(i._Z17MPU6050_Calibratev)
    MPU6050_Para_Read()                      0x080062cd   Thumb Code   110  mpu6050.o(i._Z17MPU6050_Para_Readv)
    MPU6050_Para_Save()                      0x08006345   Thumb Code    16  mpu6050.o(i._Z17MPU6050_Para_Savev)
    MS5611_Read_3Byte()                      0x08006359   Thumb Code   120  ms5611.o(i._Z17MS5611_Read_3Bytev)
    PWM_CPT_GPIO_Init()                      0x080063d5   Thumb Code   154  pwm_capture.o(i._Z17PWM_CPT_GPIO_Initv)
    PWM_CPT_NVIC_Init()                      0x08006479   Thumb Code    62  pwm_capture.o(i._Z17PWM_CPT_NVIC_Initv)
    Updata_Quaternion(Vector, Vector, Vector, double) 0x080064b9   Thumb Code  3328  attitude.o(i._Z17Updata_Quaternion6VectorS_S_d)
    MS5611_GetPressure()                     0x080071bd   Thumb Code    74  ms5611.o(i._Z18MS5611_GetPressurev)
    MS5611_Send_Commond(unsigned char)       0x08007211   Thumb Code    46  ms5611.o(i._Z19MS5611_Send_Commondh)
    XY_Coordinate_Rotate(float, float, float) 0x08007245   Thumb Code   118  math_user.o(i._Z20XY_Coordinate_Rotatefff)
    MS5611_GetTemperature()                  0x080072c5   Thumb Code    76  ms5611.o(i._Z21MS5611_GetTemperaturev)
    LED_On(unsigned short)                   0x08007319   Thumb Code    38  led.o(i._Z6LED_Ont)
    Degrees(float)                           0x08007349   Thumb Code    14  math_user.o(i._Z7Degreesf)
    Dequeue(unsigned char*, Queue_*)         0x0800735d   Thumb Code    58  queue.o(i._Z7DequeuePhP6Queue_)
    Enqueue(unsigned char, Queue_*)          0x08007397   Thumb Code    56  queue.o(i._Z7EnqueuehP6Queue_)
    GPS_Cof()                                0x080073cf   Thumb Code     2  gps_uart.o(i._Z7GPS_Cofv)
    Inqueue(unsigned char, unsigned char*)   0x080073d1   Thumb Code    44  queue.o(i._Z7InqueuehPh)
    LED_Off(unsigned short)                  0x080073fd   Thumb Code    32  led.o(i._Z7LED_Offt)
    Radians(float)                           0x08007425   Thumb Code    14  math_user.o(i._Z7Radiansf)
    ADC_Init()                               0x08007439   Thumb Code   122  battery.o(i._Z8ADC_Initv)
    GPS_send(unsigned char*, unsigned short) 0x080074b9   Thumb Code    70  gps_uart.o(i._Z8GPS_sendPht)
    LED_Init()                               0x0800750d   Thumb Code    54  led.o(i._Z8LED_Initv)
    RC_State(unsigned short)                 0x08007549   Thumb Code    78  sysstate.o(i._Z8RC_Statet)
    Buzzer_On(unsigned short)                0x080075a5   Thumb Code    40  buzzer.o(i._Z9Buzzer_Ont)
    Constrain(double, double, double)        0x080075d9   Thumb Code    92  math_user.o(i._Z9Constrainddd)
    Dead_Zone(float, float)                  0x08007635   Thumb Code    30  math_user.o(i._Z9Dead_Zoneff)
    Loop_50Hz(unsigned short)                0x08007659   Thumb Code    46  scheduler.o(i._Z9Loop_50Hzt)
    Pow_State(unsigned short)                0x080076a1   Thumb Code    66  sysstate.o(i._Z9Pow_Statet)
    SBUS_Init()                              0x080076f5   Thumb Code   222  sbus.o(i._Z9SBUS_Initv)
    Safe_Asin(float)                         0x080077e5   Thumb Code    86  math_user.o(i._Z9Safe_Asinf)
    Time_Init()                              0x08007849   Thumb Code    98  time.o(i._Z9Time_Initv)
    XY_Update(unsigned short, Vector)        0x080078bd   Thumb Code   132  position.o(i._Z9XY_Updatet6Vector)
    Filter_2nd::LPF2ndFilter(Vector)         0x08007951   Thumb Code   268  filter.o(i._ZN10Filter_2nd12LPF2ndFilterE6Vector)
    Filter_2nd::LPF2ndFilter(float)          0x08007a5d   Thumb Code    90  filter.o(i._ZN10Filter_2nd12LPF2ndFilterEf)
    Filter_2nd::Filter_2nd(float, float, float, float, float) 0x08007ab9   Thumb Code   176  filter.o(i._ZN10Filter_2ndC1Efffff)
    Filter_2nd::Filter_2nd__sub_object(float, float, float, float, float) 0x08007ab9   Thumb Code     0  filter.o(i._ZN10Filter_2ndC1Efffff)
    Filter_2nd::Filter_2nd()                 0x08007b6d   Thumb Code   168  filter.o(i._ZN10Filter_2ndC1Ev)
    Filter_2nd::Filter_2nd__sub_object()     0x08007b6d   Thumb Code     0  filter.o(i._ZN10Filter_2ndC1Ev)
    PWM_In_Data_::PWM_In_Data_()             0x08007c19   Thumb Code    18  pwm_capture.o(i._ZN12PWM_In_Data_C1Ev)
    PWM_In_Data_::PWM_In_Data___sub_object() 0x08007c19   Thumb Code     0  pwm_capture.o(i._ZN12PWM_In_Data_C1Ev)
    Filter_Balance::Filter_Balance(float, float) 0x08007c2d   Thumb Code    26  position.o(i._ZN14Filter_BalanceC1Eff)
    Filter_Balance::Filter_Balance__sub_object(float, float) 0x08007c2d   Thumb Code     0  position.o(i._ZN14Filter_BalanceC1Eff)
    Filter_MidValue::Bubble(float*)          0x08007c4d   Thumb Code   206  filter.o(i._ZN15Filter_MidValue6BubbleEPf)
    Filter_MidValue::MidValue(Vector)        0x08007d1b   Thumb Code   170  filter.o(i._ZN15Filter_MidValue8MidValueE6Vector)
    Filter_MidValue::MidValue(float)         0x08007dc5   Thumb Code    70  filter.o(i._ZN15Filter_MidValue8MidValueEf)
    Filter_EKF_Double::EKFFilter_Double(float, float, float, float, float, float&, float&, float) 0x08007e0d   Thumb Code  2226  filter.o(i._ZN17Filter_EKF_Double16EKFFilter_DoubleEfffffRfS0_f)
    Filter_EKF_Double::Filter_EKF_Double(float, float, float, float) 0x080086c9   Thumb Code   176  position.o(i._ZN17Filter_EKF_DoubleC1Effff)
    Filter_EKF_Double::Filter_EKF_Double__sub_object(float, float, float, float) 0x080086c9   Thumb Code     0  position.o(i._ZN17Filter_EKF_DoubleC1Effff)
    GPS::GPS_Update()                        0x08008785   Thumb Code   152  gps_parse.o(i._ZN3GPS10GPS_UpdateEv)
    GPS::GPS_Read_Str(unsigned char*, unsigned short) 0x08008845   Thumb Code    54  gps_parse.o(i._ZN3GPS12GPS_Read_StrEPht)
    GPS::GPS_Find_Head(const char*, const char*, const char*) 0x08008881   Thumb Code   138  gps_parse.o(i._ZN3GPS13GPS_Find_HeadEPKcS1_S1_)
    GPS::GPS_Unit_transform()                0x08008911   Thumb Code   450  gps_parse.o(i._ZN3GPS18GPS_Unit_transformEv)
    GPS::GPS_Parse(GXGGA&, const unsigned char*) 0x08008b01   Thumb Code   676  gps_parse.o(i._ZN3GPS9GPS_ParseER5GXGGAPKh)
    GPS::GPS_Parse(GXRMC&, const unsigned char*) 0x08008da5   Thumb Code   552  gps_parse.o(i._ZN3GPS9GPS_ParseER5GXRMCPKh)
    PID::Cal_PID_POS(int)                    0x08008fcd   Thumb Code   616  pid.o(i._ZN3PID11Cal_PID_POSEi)
    PID::Cal_PID_POS_BT_LPF(int)             0x08009245   Thumb Code   654  pid.o(i._ZN3PID18Cal_PID_POS_BT_LPFEi)
    PID::Rst_I()                             0x080094e5   Thumb Code    10  pid.o(i._ZN3PID5Rst_IEv)
    PID::PID(float, float, float, float)     0x080094f9   Thumb Code   124  pid.o(i._ZN3PIDC1Effff)
    PID::PID__sub_object(float, float, float, float) 0x080094f9   Thumb Code     0  pid.o(i._ZN3PIDC1Effff)
    PID::PID(float, float, float, float, Filter_2nd) 0x0800957d   Thumb Code   124  pid.o(i._ZN3PIDC1Effff10Filter_2nd)
    PID::PID__sub_object(float, float, float, float, Filter_2nd) 0x0800957d   Thumb Code     0  pid.o(i._ZN3PIDC1Effff10Filter_2nd)
    PID::PID()                               0x08009601   Thumb Code    84  pid.o(i._ZN3PIDC1Ev)
    PID::PID__sub_object()                   0x08009601   Thumb Code     0  pid.o(i._ZN3PIDC1Ev)
    GXGGA::GXGGA_Data_Clear()                0x0800965d   Thumb Code    68  gps_parse.o(i._ZN5GXGGA16GXGGA_Data_ClearEv)
    GXRMC::GXRMC_Data_Clear()                0x080096a9   Thumb Code    76  gps_parse.o(i._ZN5GXRMC16GXRMC_Data_ClearEv)
    Vector::Vector(float, float, float)      0x080096fd   Thumb Code    14  position.o(i._ZN6VectorC1Efff)
    Vector::Vector__sub_object(float, float, float) 0x080096fd   Thumb Code     0  position.o(i._ZN6VectorC1Efff)
    Vector::Vector()                         0x0800970d   Thumb Code    26  flycontrol.o(i._ZN6VectorC1Ev)
    Vector::Vector__sub_object()             0x0800970d   Thumb Code     0  flycontrol.o(i._ZN6VectorC1Ev)
    Target_::Run()                           0x0800972d   Thumb Code    68  target.o(i._ZN7Target_3RunEv)
    Target_::Target_(void(*)(unsigned short), int) 0x08009775   Thumb Code    26  main.o(i._ZN7Target_C1EPFvtEi)
    Target_::Target___sub_object(void(*)(unsigned short), int) 0x08009775   Thumb Code     0  main.o(i._ZN7Target_C1EPFvtEi)
    I2C_Soft_::Single_Read(unsigned char, unsigned char) 0x0800978f   Thumb Code   106  i2c_soft.o(i._ZN9I2C_Soft_11Single_ReadEhh)
    I2C_Soft_::Single_Write(unsigned char, unsigned char, unsigned char) 0x080097f9   Thumb Code    86  i2c_soft.o(i._ZN9I2C_Soft_12Single_WriteEhhh)
    I2C_Soft_::Ack()                         0x0800984f   Thumb Code    54  i2c_soft.o(i._ZN9I2C_Soft_3AckEv)
    I2C_Soft_::Init()                        0x08009885   Thumb Code    74  i2c_soft.o(i._ZN9I2C_Soft_4InitEv)
    I2C_Soft_::Stop()                        0x080098cf   Thumb Code    54  i2c_soft.o(i._ZN9I2C_Soft_4StopEv)
    I2C_Soft_::Delay()                       0x08009905   Thumb Code    16  i2c_soft.o(i._ZN9I2C_Soft_5DelayEv)
    I2C_Soft_::NoAck()                       0x08009915   Thumb Code    54  i2c_soft.o(i._ZN9I2C_Soft_5NoAckEv)
    I2C_Soft_::Start()                       0x0800994b   Thumb Code    86  i2c_soft.o(i._ZN9I2C_Soft_5StartEv)
    I2C_Soft_::WaitAck()                     0x080099a1   Thumb Code    82  i2c_soft.o(i._ZN9I2C_Soft_7WaitAckEv)
    I2C_Soft_::ReadByte()                    0x080099f3   Thumb Code    78  i2c_soft.o(i._ZN9I2C_Soft_8ReadByteEv)
    I2C_Soft_::SendByte(unsigned char)       0x08009a41   Thumb Code    82  i2c_soft.o(i._ZN9I2C_Soft_8SendByteEh)
    I2C_Soft_::I2C_Soft_(char, unsigned short, unsigned short, unsigned short) 0x08009a95   Thumb Code   122  mpu6050.o(i._ZN9I2C_Soft_C1Ecttt)
    I2C_Soft_::I2C_Soft___sub_object(char, unsigned short, unsigned short, unsigned short) 0x08009a95   Thumb Code     0  mpu6050.o(i._ZN9I2C_Soft_C1Ecttt)
    __ARM_fpclassify                         0x08009b25   Thumb Code    48  fpclassify.o(i.__ARM_fpclassify)
    __ARM_fpclassifyf                        0x08009b55   Thumb Code    38  fpclassifyf.o(i.__ARM_fpclassifyf)
    __aeabi_vec_ctor_nocookie_nodtor         0x08009b7b   Thumb Code    36  aeabi_vec_ctor_nocookie_nodtor.o(i.__aeabi_vec_ctor_nocookie_nodtor)
    __cxa_guard_acquire                      0x08009b9f   Thumb Code    16  cxa_guard_acquire.o(i.__cxa_guard_acquire)
    __hardfp_asinf                           0x08009bb1   Thumb Code   258  asinf.o(i.__hardfp_asinf)
    __hardfp_atan2f                          0x08009cdd   Thumb Code   502  atan2f.o(i.__hardfp_atan2f)
    __hardfp_fabs                            0x08009f2d   Thumb Code    20  fabs.o(i.__hardfp_fabs)
    __hardfp_pow                             0x08009f41   Thumb Code  3044  pow.o(i.__hardfp_pow)
    __hardfp_powf                            0x0800ab79   Thumb Code  1518  powf.o(i.__hardfp_powf)
    __mathlib_powf                           0x0800ab79   Thumb Code     0  powf.o(i.__hardfp_powf)
    __hardfp_powl                            0x0800b185   Thumb Code     4  powl.o(i.__hardfp_powl)
    __kernel_poly                            0x0800b189   Thumb Code   248  poly.o(i.__kernel_poly)
    __mathlib_dbl_divzero                    0x0800b281   Thumb Code    28  dunder.o(i.__mathlib_dbl_divzero)
    __mathlib_dbl_infnan2                    0x0800b2b1   Thumb Code    20  dunder.o(i.__mathlib_dbl_infnan2)
    __mathlib_dbl_invalid                    0x0800b2c9   Thumb Code    24  dunder.o(i.__mathlib_dbl_invalid)
    __mathlib_dbl_overflow                   0x0800b2e9   Thumb Code    24  dunder.o(i.__mathlib_dbl_overflow)
    __mathlib_dbl_underflow                  0x0800b309   Thumb Code    24  dunder.o(i.__mathlib_dbl_underflow)
    __mathlib_flt_divzero                    0x0800b329   Thumb Code    14  funder.o(i.__mathlib_flt_divzero)
    __mathlib_flt_infnan                     0x0800b33d   Thumb Code     6  funder.o(i.__mathlib_flt_infnan)
    __mathlib_flt_infnan2                    0x0800b343   Thumb Code     6  funder.o(i.__mathlib_flt_infnan2)
    __mathlib_flt_invalid                    0x0800b349   Thumb Code    10  funder.o(i.__mathlib_flt_invalid)
    __mathlib_flt_overflow                   0x0800b359   Thumb Code    10  funder.o(i.__mathlib_flt_overflow)
    __mathlib_flt_underflow                  0x0800b369   Thumb Code    10  funder.o(i.__mathlib_flt_underflow)
    arm_cos_f32                              0x0800b9e9   Thumb Code   132  arm_cos_f32.o(i.arm_cos_f32)
    arm_sin_f32                              0x0800ba79   Thumb Code   128  arm_sin_f32.o(i.arm_sin_f32)
    fabs                                     0x0800bb05   Thumb Code    24  fabs.o(i.fabs)
    main                                     0x0800bb1d   Thumb Code   100  main.o(i.main)
    sqrt                                     0x0800bbb5   Thumb Code   110  sqrt.o(i.sqrt)
    sqrtf                                    0x0800bc23   Thumb Code    62  sqrtf.o(i.sqrtf)
    __aeabi_dneg                             0x0800bc61   Thumb Code     0  basic.o(x$fpl$basic)
    _dneg                                    0x0800bc61   Thumb Code     6  basic.o(x$fpl$basic)
    __aeabi_fneg                             0x0800bc67   Thumb Code     0  basic.o(x$fpl$basic)
    _fneg                                    0x0800bc67   Thumb Code     6  basic.o(x$fpl$basic)
    _dabs                                    0x0800bc6d   Thumb Code     6  basic.o(x$fpl$basic)
    _fabs                                    0x0800bc73   Thumb Code     6  basic.o(x$fpl$basic)
    __aeabi_d2f                              0x0800bc79   Thumb Code     0  d2f.o(x$fpl$d2f)
    _d2f                                     0x0800bc79   Thumb Code    98  d2f.o(x$fpl$d2f)
    __aeabi_dadd                             0x0800bcdd   Thumb Code     0  daddsub_clz.o(x$fpl$dadd)
    _dadd                                    0x0800bcdd   Thumb Code   332  daddsub_clz.o(x$fpl$dadd)
    __fpl_dcheck_NaN1                        0x0800be2d   Thumb Code    10  dcheck1.o(x$fpl$dcheck1)
    __fpl_dcmp_Inf                           0x0800be3d   Thumb Code    24  dcmpi.o(x$fpl$dcmpinf)
    __aeabi_ddiv                             0x0800be55   Thumb Code     0  ddiv.o(x$fpl$ddiv)
    _ddiv                                    0x0800be55   Thumb Code   552  ddiv.o(x$fpl$ddiv)
    __aeabi_cdcmpeq                          0x0800c105   Thumb Code     0  deqf.o(x$fpl$deqf)
    _dcmpeq                                  0x0800c105   Thumb Code   120  deqf.o(x$fpl$deqf)
    __aeabi_d2iz                             0x0800c17d   Thumb Code     0  dfix.o(x$fpl$dfix)
    _dfix                                    0x0800c17d   Thumb Code    94  dfix.o(x$fpl$dfix)
    __aeabi_d2uiz                            0x0800c1dd   Thumb Code     0  dfixu.o(x$fpl$dfixu)
    _dfixu                                   0x0800c1dd   Thumb Code    90  dfixu.o(x$fpl$dfixu)
    __aeabi_i2d                              0x0800c237   Thumb Code     0  dflt_clz.o(x$fpl$dflt)
    _dflt                                    0x0800c237   Thumb Code    46  dflt_clz.o(x$fpl$dflt)
    __aeabi_l2d                              0x0800c265   Thumb Code     0  dfltll_clz.o(x$fpl$dfltll)
    _ll_sto_d                                0x0800c265   Thumb Code   162  dfltll_clz.o(x$fpl$dfltll)
    __aeabi_ui2d                             0x0800c307   Thumb Code     0  dflt_clz.o(x$fpl$dfltu)
    _dfltu                                   0x0800c307   Thumb Code    38  dflt_clz.o(x$fpl$dfltu)
    __aeabi_ul2d                             0x0800c32d   Thumb Code     0  dfltll_clz.o(x$fpl$dfltull)
    _ll_uto_d                                0x0800c32d   Thumb Code   138  dfltll_clz.o(x$fpl$dfltull)
    __aeabi_cdcmple                          0x0800c3b9   Thumb Code     0  dleqf.o(x$fpl$dleqf)
    _dcmple                                  0x0800c3b9   Thumb Code   120  dleqf.o(x$fpl$dleqf)
    __fpl_dcmple_InfNaN                      0x0800c41b   Thumb Code     0  dleqf.o(x$fpl$dleqf)
    __aeabi_dmul                             0x0800c431   Thumb Code     0  dmul.o(x$fpl$dmul)
    _dmul                                    0x0800c431   Thumb Code   332  dmul.o(x$fpl$dmul)
    __fpl_dnaninf                            0x0800c585   Thumb Code   156  dnaninf.o(x$fpl$dnaninf)
    __fpl_dretinf                            0x0800c621   Thumb Code    12  dretinf.o(x$fpl$dretinf)
    __aeabi_cdrcmple                         0x0800c62d   Thumb Code     0  drleqf.o(x$fpl$drleqf)
    _drcmple                                 0x0800c62d   Thumb Code   108  drleqf.o(x$fpl$drleqf)
    __aeabi_drsub                            0x0800c699   Thumb Code     0  daddsub_clz.o(x$fpl$drsb)
    _drsb                                    0x0800c699   Thumb Code    22  daddsub_clz.o(x$fpl$drsb)
    _dsqrt                                   0x0800c6b1   Thumb Code   404  dsqrt_umaal.o(x$fpl$dsqrt)
    __aeabi_dsub                             0x0800c849   Thumb Code     0  daddsub_clz.o(x$fpl$dsub)
    _dsub                                    0x0800c849   Thumb Code   464  daddsub_clz.o(x$fpl$dsub)
    __aeabi_f2d                              0x0800ca1d   Thumb Code     0  f2d.o(x$fpl$f2d)
    _f2d                                     0x0800ca1d   Thumb Code    86  f2d.o(x$fpl$f2d)
    __aeabi_ul2f                             0x0800ca73   Thumb Code     0  ffltll_clz.o(x$fpl$ffltll)
    _ll_uto_f                                0x0800ca73   Thumb Code     6  ffltll_clz.o(x$fpl$ffltll)
    __aeabi_l2f                              0x0800ca79   Thumb Code     0  ffltll_clz.o(x$fpl$ffltll)
    _ll_sto_f                                0x0800ca79   Thumb Code    90  ffltll_clz.o(x$fpl$ffltll)
    __fpl_fnaninf                            0x0800cad3   Thumb Code   140  fnaninf.o(x$fpl$fnaninf)
    _fp_init                                 0x0800cb5f   Thumb Code    10  fpinit.o(x$fpl$fpinit)
    __fplib_config_fpu_vfp                   0x0800cb67   Thumb Code     0  fpinit.o(x$fpl$fpinit)
    __fplib_config_pureend_doubles           0x0800cb67   Thumb Code     0  fpinit.o(x$fpl$fpinit)
    __fpl_fretinf                            0x0800cb69   Thumb Code    10  fretinf.o(x$fpl$fretinf)
    __aeabi_d2lz                             0x0800cb75   Thumb Code     0  dfixll.o(x$fpl$llsfromd)
    _ll_sfrom_d                              0x0800cb75   Thumb Code   194  dfixll.o(x$fpl$llsfromd)
    __aeabi_f2lz                             0x0800cc39   Thumb Code     0  ffixll.o(x$fpl$llsfromf)
    _ll_sfrom_f                              0x0800cc39   Thumb Code   134  ffixll.o(x$fpl$llsfromf)
    __fpl_return_NaN                         0x0800ccbf   Thumb Code   100  retnan.o(x$fpl$retnan)
    __ARM_scalbn                             0x0800cd23   Thumb Code    92  scalbn.o(x$fpl$scalbn)
    __fpl_cmpreturn                          0x0800cd7f   Thumb Code    48  trapv.o(x$fpl$trapveneer)
    __I$use$fp                               0x0800cdae   Number         0  usenofp.o(x$fpl$usenofp)
    sinTable_f32                             0x0800ce70   Data        2052  arm_common_tables.o(.constdata)
    __mathlib_zero                           0x0800d840   Data           8  qnan.o(.constdata)
    Region$$Table$$Base                      0x0800d848   Number         0  anon$$obj.o(Region$$Table)
    Region$$Table$$Limit                     0x0800d868   Number         0  anon$$obj.o(Region$$Table)
    SHT$$INIT_ARRAY$$Base                    0x0800d868   Number         0  main.o(.init_array)
    SHT$$INIT_ARRAY$$Limit                   0x0800d890   Number         0  init_aeabi.o(.init_array)
    Scheduler                                0x20000000   Data          20  scheduler.o(.data)
    SYS_State                                0x20000014   Data           6  communication.o(.data)
    Communication                            0x2000001c   Data           4  communication.o(.data)
    Control_Para                             0x20000028   Data        2304  flycontrol.o(.data)
    FlyControl                               0x20000928   Data          24  flycontrol.o(.data)
    IsCalulate                               0x20000948   Data           1  attitude.o(.data)
    Attitude                                 0x2000094c   Data          16  attitude.o(.data)
    Position                                 0x20000980   Data          44  position.o(.data)
    SystemState                              0x200009c8   Data           4  sysstate.o(.data)
    Math                                     0x200009d4   Data          16  math_user.o(.data)
    MPU6050                                  0x200009e8   Data          16  mpu6050.o(.data)
    HMC5883                                  0x20000a04   Data          16  hmc5883.o(.data)
    dT                                       0x20000a18   Data           8  ms5611.o(.data)
    SENS                                     0x20000a20   Data           8  ms5611.o(.data)
    OFF                                      0x20000a28   Data           8  ms5611.o(.data)
    Press_ORI                                0x20000a30   Data           4  ms5611.o(.data)
    MS5611_State                             0x20000a34   Data           1  ms5611.o(.data)
    MS5611                                   0x20000a38   Data          12  ms5611.o(.data)
    usTicks                                  0x20000a50   Data           4  time.o(.data)
    TSTSTST                                  0x20000a58   Data           8  time.o(.data)
    SystemTimeMS                             0x20000a60   Data           8  time.o(.data)
    SystemTime                               0x20000a68   Data          20  time.o(.data)
    LED_State                                0x20000a7c   Data           2  led.o(.data)
    Led                                      0x20000a80   Data          20  led.o(.data)
    Motor                                    0x20000a98   Data          20  motor.o(.data)
    PWM_RC_Kp                                0x20000aac   Data           4  pwm_capture.o(.data)
    Connect_Status_Cnt                       0x20000ab0   Data           2  pwm_capture.o(.data)
    PWM_In                                   0x20000ab4   Data          20  pwm_capture.o(.data)
    ADC_Value                                0x20000ad4   Data           2  battery.o(.data)
    Power_VOL_Data                           0x20000ad8   Data           8  battery.o(.data)
    Power                                    0x20000ae0   Data          12  battery.o(.data)
    GPS_UART                                 0x20000af0   Data          16  gps_uart.o(.data)
    Buzzer                                   0x20000b00   Data          12  buzzer.o(.data)
    usart1                                   0x20000b10   Data          12  usart.o(.data)
    Queue_OPS                                0x20000b1c   Data          12  queue.o(.data)
    Is_SBUS_REC                              0x20000b28   Data           1  sbus.o(.data)
    SBUS_REC_Mark                            0x20000b29   Data           1  sbus.o(.data)
    SBUS                                     0x20000b2c   Data          24  sbus.o(.data)
    SystemCoreClock                          0x20000b4c   Data           4  system_stm32f4xx.o(.data)
    AHBPrescTable                            0x20000b50   Data          16  system_stm32f4xx.o(.data)
    TG_50HZ                                  0x20000b70   Data          32  main.o(.bss)
    TG_100HZ                                 0x20000b90   Data          32  main.o(.bss)
    TG_200HZ                                 0x20000bb0   Data          32  main.o(.bss)
    TG_500HZ                                 0x20000bd0   Data          32  main.o(.bss)
    Communicate_BUF                          0x20000bf0   Data          64  communication.o(.bss)
    User_Data                                0x20000c30   Data          48  communication.o(.bss)
    Rate_Filter                              0x20000c60   Data          68  flycontrol.o(.bss)
    Q                                        0x20000ca4   Data          16  attitude.o(.bss)
    Angle                                    0x20000cb4   Data          12  attitude.o(.bss)
    Rate                                     0x20000cc0   Data          12  attitude.o(.bss)
    FIL_Speed                                0x20000cd0   Data          16  position.o(.bss)
    FIL_Position_xyz                         0x20000ce0   Data          16  position.o(.bss)
    Filter_EKF_X                             0x20000cf0   Data          96  position.o(.bss)
    Filter_EKF_Y                             0x20000d50   Data          96  position.o(.bss)
    GXGGA_Data                               0x20000ea8   Data          72  gps_parse.o(.bss)
    GXRMC_Data                               0x20000ef0   Data          88  gps_parse.o(.bss)
    GPS_Location                             0x20000f48   Data          32  gps_parse.o(.bss)
    I2C_Soft_MPU6050                         0x20000f68   Data          12  mpu6050.o(.bss)
    ACC_Filter                               0x20000f74   Data          68  mpu6050.o(.bss)
    GYR_Filter                               0x20000fb8   Data          52  mpu6050.o(.bss)
    MPU6050_Data                             0x20000fec   Data          72  mpu6050.o(.bss)
    I2C_HMC5883                              0x2000104c   Data          12  hmc5883.o(.bss)
    MAG_Filter                               0x20001058   Data          52  hmc5883.o(.bss)
    HMC5883_Data                             0x2000108c   Data          56  hmc5883.o(.bss)
    I2C_Soft_MS5611                          0x200010c8   Data          12  ms5611.o(.bss)
    MS5611_Data                              0x200010d8   Data          24  ms5611.o(.bss)
    PROM_C                                   0x200010f0   Data          14  ms5611.o(.bss)
    MS5611_Filter                            0x20001100   Data          68  ms5611.o(.bss)
    MS5611_Speed_Filter                      0x20001144   Data          68  ms5611.o(.bss)
    PWM_Data                                 0x20001188   Data          24  motor.o(.bss)
    PWM_In_Data                              0x200011a0   Data          12  pwm_capture.o(.bss)
    RC_CPT_Data                              0x200011ac   Data          12  pwm_capture.o(.bss)
    Filter_MidValue_CH3                      0x200011b8   Data          52  pwm_capture.o(.bss)
    GPS_UART_TX_BUF                          0x200011ec   Data         255  gps_uart.o(.bss)
    GPS_UART_RX_BUF                          0x200012eb   Data         255  gps_uart.o(.bss)
    GPS_UART_QueueSend                       0x200013ec   Data          12  gps_uart.o(.bss)
    GPS_UART_QueueRecv                       0x200013f8   Data          12  gps_uart.o(.bss)
    USART1_TX_BUF                            0x20001404   Data         255  usart.o(.bss)
    USART1_RX_BUF                            0x20001503   Data         255  usart.o(.bss)
    USART1_QueueSend                         0x20001604   Data          12  usart.o(.bss)
    USART1_QueueRecv                         0x20001610   Data          12  usart.o(.bss)
    SBUS_RX_BUF1                             0x2000161c   Data          25  sbus.o(.bss)
    SBUS_RX_BUF2                             0x20001635   Data          25  sbus.o(.bss)
    SBUS_Data                                0x2000164e   Data          48  sbus.o(.bss)
    I2C_Soft_Ultra                           0x20001680   Data          12  ultra.o(.bss)
    Ultra_Filter                             0x2000168c   Data          52  ultra.o(.bss)
    __libspace_start                         0x200016c0   Data          96  libspace.o(.bss)
    __temporary_stack_top$libspace           0x20001720   Data           0  libspace.o(.bss)



==============================================================================

Memory Map of the image

  Image Entry point : 0x08000189

  Load Region LR_IROM1 (Base: 0x08000000, Size: 0x0000e400, Max: 0x00100000, ABSOLUTE, COMPRESSED[0x0000d9cc])

    Execution Region ER_IROM1 (Base: 0x08000000, Size: 0x0000d890, Max: 0x00100000, ABSOLUTE)

    Base Addr    Size         Type   Attr      Idx    E Section Name        Object

    0x08000000   0x00000188   Data   RO         2511    RESET               startup_stm32f40_41xxx.o
    0x08000188   0x00000008   Code   RO         5632  * !!!main             c_w.l(__main.o)
    0x08000190   0x00000034   Code   RO         6153    !!!scatter          c_w.l(__scatter.o)
    0x080001c4   0x0000005a   Code   RO         6151    !!dczerorl2         c_w.l(__dczerorl2.o)
    0x0800021e   0x00000002   PAD
    0x08000220   0x0000001c   Code   RO         6155    !!handler_zi        c_w.l(__scatter_zi.o)
    0x0800023c   0x00000002   Code   RO         5946    .ARM.Collect$$libinit$$00000000  c_w.l(libinit.o)
    0x0800023e   0x00000004   Code   RO         5761    .ARM.Collect$$libinit$$00000001  c_w.l(libinit2.o)
    0x08000242   0x00000000   Code   RO         5764    .ARM.Collect$$libinit$$00000004  c_w.l(libinit2.o)
    0x08000242   0x00000000   Code   RO         5767    .ARM.Collect$$libinit$$0000000A  c_w.l(libinit2.o)
    0x08000242   0x00000000   Code   RO         5769    .ARM.Collect$$libinit$$0000000C  c_w.l(libinit2.o)
    0x08000242   0x00000000   Code   RO         5771    .ARM.Collect$$libinit$$0000000E  c_w.l(libinit2.o)
    0x08000242   0x00000000   Code   RO         5774    .ARM.Collect$$libinit$$00000011  c_w.l(libinit2.o)
    0x08000242   0x00000000   Code   RO         5776    .ARM.Collect$$libinit$$00000013  c_w.l(libinit2.o)
    0x08000242   0x00000000   Code   RO         5778    .ARM.Collect$$libinit$$00000015  c_w.l(libinit2.o)
    0x08000242   0x00000000   Code   RO         5780    .ARM.Collect$$libinit$$00000017  c_w.l(libinit2.o)
    0x08000242   0x00000000   Code   RO         5782    .ARM.Collect$$libinit$$00000019  c_w.l(libinit2.o)
    0x08000242   0x00000000   Code   RO         5784    .ARM.Collect$$libinit$$0000001B  c_w.l(libinit2.o)
    0x08000242   0x00000000   Code   RO         5786    .ARM.Collect$$libinit$$0000001D  c_w.l(libinit2.o)
    0x08000242   0x00000000   Code   RO         5788    .ARM.Collect$$libinit$$0000001F  c_w.l(libinit2.o)
    0x08000242   0x00000000   Code   RO         5790    .ARM.Collect$$libinit$$00000021  c_w.l(libinit2.o)
    0x08000242   0x00000000   Code   RO         5792    .ARM.Collect$$libinit$$00000023  c_w.l(libinit2.o)
    0x08000242   0x00000000   Code   RO         5794    .ARM.Collect$$libinit$$00000025  c_w.l(libinit2.o)
    0x08000242   0x00000000   Code   RO         5798    .ARM.Collect$$libinit$$0000002C  c_w.l(libinit2.o)
    0x08000242   0x00000000   Code   RO         5800    .ARM.Collect$$libinit$$0000002E  c_w.l(libinit2.o)
    0x08000242   0x00000000   Code   RO         5802    .ARM.Collect$$libinit$$00000030  c_w.l(libinit2.o)
    0x08000242   0x00000004   Code   RO         5803    .ARM.Collect$$libinit$$00000031  c_w.l(libinit2.o)
    0x08000246   0x00000000   Code   RO         5804    .ARM.Collect$$libinit$$00000032  c_w.l(libinit2.o)
    0x08000246   0x00000002   Code   RO         5805    .ARM.Collect$$libinit$$00000033  c_w.l(libinit2.o)
    0x08000248   0x00000002   Code   RO         6111    .ARM.Collect$$libshutdown$$00000000  c_w.l(libshutdown.o)
    0x0800024a   0x00000000   Code   RO         6120    .ARM.Collect$$libshutdown$$00000003  c_w.l(libshutdown2.o)
    0x0800024a   0x00000000   Code   RO         6123    .ARM.Collect$$libshutdown$$00000006  c_w.l(libshutdown2.o)
    0x0800024a   0x00000000   Code   RO         6126    .ARM.Collect$$libshutdown$$00000009  c_w.l(libshutdown2.o)
    0x0800024a   0x00000000   Code   RO         6128    .ARM.Collect$$libshutdown$$0000000B  c_w.l(libshutdown2.o)
    0x0800024a   0x00000000   Code   RO         6131    .ARM.Collect$$libshutdown$$0000000E  c_w.l(libshutdown2.o)
    0x0800024a   0x00000002   Code   RO         6132    .ARM.Collect$$libshutdown$$0000000F  c_w.l(libshutdown2.o)
    0x0800024c   0x00000000   Code   RO         5749    .ARM.Collect$$rtentry$$00000000  c_w.l(__rtentry.o)
    0x0800024c   0x00000000   Code   RO         5864    .ARM.Collect$$rtentry$$00000002  c_w.l(__rtentry2.o)
    0x0800024c   0x00000006   Code   RO         5876    .ARM.Collect$$rtentry$$00000004  c_w.l(__rtentry4.o)
    0x08000252   0x00000000   Code   RO         5866    .ARM.Collect$$rtentry$$00000009  c_w.l(__rtentry2.o)
    0x08000252   0x00000004   Code   RO         5867    .ARM.Collect$$rtentry$$0000000A  c_w.l(__rtentry2.o)
    0x08000256   0x00000000   Code   RO         5869    .ARM.Collect$$rtentry$$0000000C  c_w.l(__rtentry2.o)
    0x08000256   0x00000008   Code   RO         5870    .ARM.Collect$$rtentry$$0000000D  c_w.l(__rtentry2.o)
    0x0800025e   0x00000002   Code   RO         5959    .ARM.Collect$$rtexit$$00000000  c_w.l(rtexit.o)
    0x08000260   0x00000000   Code   RO         6047    .ARM.Collect$$rtexit$$00000002  c_w.l(rtexit2.o)
    0x08000260   0x00000004   Code   RO         6048    .ARM.Collect$$rtexit$$00000003  c_w.l(rtexit2.o)
    0x08000264   0x00000006   Code   RO         6049    .ARM.Collect$$rtexit$$00000004  c_w.l(rtexit2.o)
    0x0800026a   0x00000002   PAD
    0x0800026c   0x00000040   Code   RO         2512    .text               startup_stm32f40_41xxx.o
    0x080002ac   0x00000048   Code   RO         5592    .text               c_w.l(llsdiv.o)
    0x080002f4   0x00000064   Code   RO         5626    .text               c_w.l(rt_memcpy_w.o)
    0x08000358   0x0000004e   Code   RO         5628    .text               c_w.l(rt_memclr_w.o)
    0x080003a6   0x00000006   Code   RO         5630    .text               c_w.l(heapauxi.o)
    0x080003ac   0x00000024   Code   RO         5637    .text               c_w.l(init_aeabi.o)
    0x080003d0   0x000000ee   Code   RO         5750    .text               c_w.l(lludivv7m.o)
    0x080004be   0x00000016   Code   RO         5752    .text               c_w.l(_rserrno.o)
    0x080004d4   0x00000008   Code   RO         5885    .text               c_w.l(rt_errno_addr_intlibspace.o)
    0x080004dc   0x00000008   Code   RO         5928    .text               c_w.l(libspace.o)
    0x080004e4   0x0000004a   Code   RO         5931    .text               c_w.l(sys_stackheap_outer.o)
    0x0800052e   0x0000000c   Code   RO         5935    .text               c_w.l(exit.o)
    0x0800053a   0x00000002   PAD
    0x0800053c   0x0000000c   Code   RO         6039    .text               c_w.l(sys_exit.o)
    0x08000548   0x00000002   Code   RO         6041    .text               c_w.l(use_no_semi.o)
    0x0800054a   0x00000000   Code   RO         6045    .text               c_w.l(indicate_semi.o)
    0x0800054a   0x00000016   Code   RO         4085    i.ADC_Cmd           stm32f4xx_adc.o
    0x08000560   0x00000030   Code   RO         4086    i.ADC_CommonInit    stm32f4xx_adc.o
    0x08000590   0x00000016   Code   RO         4089    i.ADC_DMACmd        stm32f4xx_adc.o
    0x080005a6   0x00000016   Code   RO         4090    i.ADC_DMARequestAfterLastTransferCmd  stm32f4xx_adc.o
    0x080005bc   0x00000054   Code   RO         4105    i.ADC_Init          stm32f4xx_adc.o
    0x08000610   0x000000b8   Code   RO         4110    i.ADC_RegularChannelConfig  stm32f4xx_adc.o
    0x080006c8   0x0000000a   Code   RO         4112    i.ADC_SoftwareStartConv  stm32f4xx_adc.o
    0x080006d2   0x00000004   Code   RO         2563    i.BusFault_Handler  stm32f4xx_it.o
    0x080006d6   0x00000016   Code   RO         4365    i.DMA_Cmd           stm32f4xx_dma.o
    0x080006ec   0x00000058   Code   RO         4377    i.DMA_Init          stm32f4xx_dma.o
    0x08000744   0x00000002   Code   RO         2564    i.DebugMon_Handler  stm32f4xx_it.o
    0x08000746   0x00000002   PAD
    0x08000748   0x0000000c   Code   RO         4848    i.FLASH_ClearFlag   stm32f4xx_flash.o
    0x08000754   0x00000088   Code   RO         4854    i.FLASH_EraseSector  stm32f4xx_flash.o
    0x080007dc   0x00000054   Code   RO         4856    i.FLASH_GetStatus   stm32f4xx_flash.o
    0x08000830   0x00000014   Code   RO         4860    i.FLASH_Lock        stm32f4xx_flash.o
    0x08000844   0x00000050   Code   RO         4884    i.FLASH_ProgramWord  stm32f4xx_flash.o
    0x08000894   0x00000024   Code   RO         4886    i.FLASH_Unlock      stm32f4xx_flash.o
    0x080008b8   0x00000022   Code   RO         4887    i.FLASH_WaitForLastOperation  stm32f4xx_flash.o
    0x080008da   0x00000090   Code   RO         2694    i.GPIO_Init         stm32f4xx_gpio.o
    0x0800096a   0x00000046   Code   RO         2695    i.GPIO_PinAFConfig  stm32f4xx_gpio.o
    0x080009b0   0x00000004   Code   RO         2701    i.GPIO_ResetBits    stm32f4xx_gpio.o
    0x080009b4   0x00000004   Code   RO         2702    i.GPIO_SetBits      stm32f4xx_gpio.o
    0x080009b8   0x00000004   Code   RO         2565    i.HardFault_Handler  stm32f4xx_it.o
    0x080009bc   0x00000004   Code   RO         2566    i.MemManage_Handler  stm32f4xx_it.o
    0x080009c0   0x00000002   Code   RO         2567    i.NMI_Handler       stm32f4xx_it.o
    0x080009c2   0x00000002   PAD
    0x080009c4   0x00000078   Code   RO         2640    i.NVIC_Init         misc.o
    0x08000a3c   0x00000014   Code   RO         2641    i.NVIC_PriorityGroupConfig  misc.o
    0x08000a50   0x00000002   Code   RO         2568    i.PendSV_Handler    stm32f4xx_it.o
    0x08000a52   0x00000002   PAD
    0x08000a54   0x00000020   Code   RO         3688    i.RCC_AHB1PeriphClockCmd  stm32f4xx_rcc.o
    0x08000a74   0x00000020   Code   RO         3697    i.RCC_APB1PeriphClockCmd  stm32f4xx_rcc.o
    0x08000a94   0x00000020   Code   RO         3699    i.RCC_APB1PeriphResetCmd  stm32f4xx_rcc.o
    0x08000ab4   0x00000020   Code   RO         3700    i.RCC_APB2PeriphClockCmd  stm32f4xx_rcc.o
    0x08000ad4   0x00000020   Code   RO         3702    i.RCC_APB2PeriphResetCmd  stm32f4xx_rcc.o
    0x08000af4   0x000000e4   Code   RO         3709    i.RCC_GetClocksFreq  stm32f4xx_rcc.o
    0x08000bd8   0x00000002   Code   RO         2569    i.SVC_Handler       stm32f4xx_it.o
    0x08000bda   0x00000002   PAD
    0x08000bdc   0x00000018   Code   RO         1740    i.SysTick_Handler   time.o
    0x08000bf4   0x00000068   Code   RO         2520    i.SystemInit        system_stm32f4xx.o
    0x08000c5c   0x00000218   Code   RO         1929    i.TIM4_IRQHandler   pwm_capture.o
    0x08000e74   0x00000050   Code   RO         1641    i.TIM5_IRQHandler   ms5611.o
    0x08000ec4   0x00000110   Code   RO         1930    i.TIM8_CC_IRQHandler  pwm_capture.o
    0x08000fd4   0x00000018   Code   RO         2809    i.TIM_ARRPreloadConfig  stm32f4xx_tim.o
    0x08000fec   0x00000006   Code   RO         2816    i.TIM_ClearITPendingBit  stm32f4xx_tim.o
    0x08000ff2   0x00000018   Code   RO         2821    i.TIM_Cmd           stm32f4xx_tim.o
    0x0800100a   0x00000002   PAD
    0x0800100c   0x00000190   Code   RO         2826    i.TIM_DeInit        stm32f4xx_tim.o
    0x0800119c   0x00000006   Code   RO         2836    i.TIM_GetCapture1   stm32f4xx_tim.o
    0x080011a2   0x00000006   Code   RO         2837    i.TIM_GetCapture2   stm32f4xx_tim.o
    0x080011a8   0x00000006   Code   RO         2838    i.TIM_GetCapture3   stm32f4xx_tim.o
    0x080011ae   0x00000006   Code   RO         2839    i.TIM_GetCapture4   stm32f4xx_tim.o
    0x080011b4   0x00000022   Code   RO         2842    i.TIM_GetITStatus   stm32f4xx_tim.o
    0x080011d6   0x0000006e   Code   RO         2844    i.TIM_ICInit        stm32f4xx_tim.o
    0x08001244   0x00000012   Code   RO         2846    i.TIM_ITConfig      stm32f4xx_tim.o
    0x08001256   0x00000002   PAD
    0x08001258   0x0000007c   Code   RO         2850    i.TIM_OC1Init       stm32f4xx_tim.o
    0x080012d4   0x00000012   Code   RO         2853    i.TIM_OC1PreloadConfig  stm32f4xx_tim.o
    0x080012e6   0x00000002   PAD
    0x080012e8   0x000000a4   Code   RO         2855    i.TIM_OC2Init       stm32f4xx_tim.o
    0x0800138c   0x0000001a   Code   RO         2858    i.TIM_OC2PreloadConfig  stm32f4xx_tim.o
    0x080013a6   0x00000002   PAD
    0x080013a8   0x000000a0   Code   RO         2860    i.TIM_OC3Init       stm32f4xx_tim.o
    0x08001448   0x00000012   Code   RO         2863    i.TIM_OC3PreloadConfig  stm32f4xx_tim.o
    0x0800145a   0x00000002   PAD
    0x0800145c   0x00000078   Code   RO         2865    i.TIM_OC4Init       stm32f4xx_tim.o
    0x080014d4   0x0000001a   Code   RO         2867    i.TIM_OC4PreloadConfig  stm32f4xx_tim.o
    0x080014ee   0x00000004   Code   RO         2883    i.TIM_SetCompare1   stm32f4xx_tim.o
    0x080014f2   0x00000004   Code   RO         2884    i.TIM_SetCompare2   stm32f4xx_tim.o
    0x080014f6   0x00000004   Code   RO         2885    i.TIM_SetCompare3   stm32f4xx_tim.o
    0x080014fa   0x00000004   Code   RO         2886    i.TIM_SetCompare4   stm32f4xx_tim.o
    0x080014fe   0x00000012   Code   RO         2888    i.TIM_SetIC1Prescaler  stm32f4xx_tim.o
    0x08001510   0x0000001a   Code   RO         2889    i.TIM_SetIC2Prescaler  stm32f4xx_tim.o
    0x0800152a   0x00000012   Code   RO         2890    i.TIM_SetIC3Prescaler  stm32f4xx_tim.o
    0x0800153c   0x0000001a   Code   RO         2891    i.TIM_SetIC4Prescaler  stm32f4xx_tim.o
    0x08001556   0x00000002   PAD
    0x08001558   0x00000084   Code   RO         2893    i.TIM_TimeBaseInit  stm32f4xx_tim.o
    0x080015dc   0x00000074   Code   RO         2072    i.UART4_IRQHandler  gps_uart.o
    0x08001650   0x00000074   Code   RO         2177    i.USART1_IRQHandler  usart.o
    0x080016c4   0x000000c4   Code   RO         2408    i.USART2_IRQHandler  sbus.o
    0x08001788   0x0000001e   Code   RO         3468    i.USART_ClearITPendingBit  stm32f4xx_usart.o
    0x080017a6   0x00000018   Code   RO         3471    i.USART_Cmd         stm32f4xx_usart.o
    0x080017be   0x0000001a   Code   RO         3474    i.USART_GetFlagStatus  stm32f4xx_usart.o
    0x080017d8   0x00000054   Code   RO         3475    i.USART_GetITStatus  stm32f4xx_usart.o
    0x0800182c   0x0000004a   Code   RO         3477    i.USART_ITConfig    stm32f4xx_usart.o
    0x08001876   0x00000002   PAD
    0x08001878   0x000000d4   Code   RO         3478    i.USART_Init        stm32f4xx_usart.o
    0x0800194c   0x0000000a   Code   RO         3485    i.USART_ReceiveData  stm32f4xx_usart.o
    0x08001956   0x00000008   Code   RO         3488    i.USART_SendData    stm32f4xx_usart.o
    0x0800195e   0x00000004   Code   RO         2570    i.UsageFault_Handler  stm32f4xx_it.o
    0x08001962   0x00000002   PAD
    0x08001964   0x00000048   Code   RO         2020    i._Z10ADC_Updatav   battery.o
    0x080019ac   0x00000014   Code   RO         2132    i._Z10Buzzer_Offv   buzzer.o
    0x080019c0   0x00000010   Code   RO          300    i._Z10Loop_100Hzt   scheduler.o
    0x080019d0   0x00000030   Code   RO          301    i._Z10Loop_200Hzt   scheduler.o
    0x08001a00   0x00000030   Code   RO          302    i._Z10Loop_500Hzt   scheduler.o
    0x08001a30   0x00000048   Code   RO         1862    i._Z10Motor_Holdv   motor.o
    0x08001a78   0x00000010   Code   RO         1863    i._Z10Motor_Initv   motor.o
    0x08001a88   0x00000058   Code   RO         1864    i._Z10Motor_Stopv   motor.o
    0x08001ae0   0x00000024   Code   RO         1470    i._Z10Read_Flasht   mpu6050.o
    0x08001b04   0x000001b8   Code   RO          370    i._Z10Send_RC_PCv   communication.o
    0x08001cbc   0x0000003a   Code   RO         2897    i._Z10TI1_ConfigP11TIM_TypeDefttt  stm32f4xx_tim.o
    0x08001cf6   0x00000050   Code   RO         2898    i._Z10TI2_ConfigP11TIM_TypeDefttt  stm32f4xx_tim.o
    0x08001d46   0x00000048   Code   RO         2899    i._Z10TI3_ConfigP11TIM_TypeDefttt  stm32f4xx_tim.o
    0x08001d8e   0x00000050   Code   RO         2900    i._Z10TI4_ConfigP11TIM_TypeDefttt  stm32f4xx_tim.o
    0x08001dde   0x00000002   PAD
    0x08001de0   0x0000000c   Code   RO         1741    i._Z10TimeNow_MSv   time.o
    0x08001dec   0x000000a0   Code   RO         1742    i._Z10TimeNow_USv   time.o
    0x08001e8c   0x0000003c   Code   RO         2133    i._Z11Buzzer_Initv  buzzer.o
    0x08001ec8   0x0000000e   Code   RO          371    i._Z11Communicatev  communication.o
    0x08001ed6   0x00000002   PAD
    0x08001ed8   0x0000003c   Code   RO         2073    i._Z11GPS_receivePht  gps_uart.o
    0x08001f14   0x00000040   Code   RO         1810    i._Z11LED_Reversetj  led.o
    0x08001f54   0x00000002   Code   RO          303    i._Z11Loop_1000Hzt  scheduler.o
    0x08001f56   0x00000008   Code   RO         2409    i._Z11SBUS_Updatav  sbus.o
    0x08001f5e   0x00000002   PAD
    0x08001f60   0x000000ec   Code   RO         2521    i._Z11SetSysClockv  system_stm32f4xx.o
    0x0800204c   0x00000018   Code   RO         1743    i._Z11Time_WaitMSj  time.o
    0x08002064   0x0000001c   Code   RO         1744    i._Z11Time_WaitUSj  time.o
    0x08002080   0x00000110   Code   RO         1471    i._Z11Write_Flashv  mpu6050.o
    0x08002190   0x000000f4   Code   RO         2178    i._Z11usart1_initj  usart.o
    0x08002284   0x00000054   Code   RO         2179    i._Z11usart1_sendPht  usart.o
    0x080022d8   0x00000068   Code   RO         2021    i._Z12ADC_DMA_Initv  battery.o
    0x08002340   0x00000040   Code   RO         1593    i._Z12HMC5883_Initv  hmc5883.o
    0x08002380   0x0000007c   Code   RO         1472    i._Z12MPU6050_Initv  mpu6050.o
    0x080023fc   0x00000038   Code   RO         1643    i._Z12MS5611_Resetv  ms5611.o
    0x08002434   0x00000314   Code   RO         1865    i._Z12Motor_Output4BOOL  motor.o
    0x08002748   0x0000017c   Code   RO          499    i._Z12POS_Acc_Loopj  flycontrol.o
    0x080028c4   0x00000024   Code   RO         1931    i._Z12PWM_CPT_Inittt  pwm_capture.o
    0x080028e8   0x000000fc   Code   RO         2410    i._Z12SBUS_Receivev  sbus.o
    0x080029e4   0x0000001c   Code   RO         2411    i._Z12SW_POS_Judget  sbus.o
    0x08002a00   0x0000003c   Code   RO          372    i._Z12Send_Data_PCv  communication.o
    0x08002a3c   0x00000018   Code   RO          860    i._Z12State_Updatat  sysstate.o
    0x08002a54   0x00000094   Code   RO          640    i._Z12Updata_Eularv  attitude.o
    0x08002ae8   0x0000002c   Code   RO          641    i._Z12arm_sqrt_f32fPf  attitude.o
    0x08002b14   0x00000030   Code   RO         2022    i._Z13ADC_GOIO_Initv  battery.o
    0x08002b44   0x00000018   Code   RO          642    i._Z13Attitude_Initv  attitude.o
    0x08002b5c   0x000000dc   Code   RO          918    i._Z13Body_To_Earth6Vectorff  math_user.o
    0x08002c38   0x00000158   Code   RO         1374    i._Z13GPS_Str2FloatPKh  gps_parse.o
    0x08002d90   0x000000f4   Code   RO         2074    i._Z13GPS_UART_initj  gps_uart.o
    0x08002e84   0x00000030   Code   RO         1644    i._Z13MS561101_Initv  ms5611.o
    0x08002eb4   0x000003c4   Code   RO         1645    i._Z13MS5611_Updatav  ms5611.o
    0x08003278   0x0000009c   Code   RO         1932    i._Z13PWM_POS_Judget  pwm_capture.o
    0x08003314   0x0000001c   Code   RO          767    i._Z13Position_Initv  position.o
    0x08003330   0x00000180   Code   RO          373    i._Z13Send_Eular_PCv  communication.o
    0x080034b0   0x00000138   Code   RO          374    i._Z13Send_Motor_PCv  communication.o
    0x080035e8   0x00000050   Code   RO          375    i._Z13Send_Reply_PCth  communication.o
    0x08003638   0x000001c8   Code   RO          500    i._Z14ATT_Inner_Loopj  flycontrol.o
    0x08003800   0x0000067c   Code   RO          501    i._Z14ATT_Outer_Loopj  flycontrol.o
    0x08003e7c   0x000001e4   Code   RO         1594    i._Z14HMC5883_Updatav  hmc5883.o
    0x08004060   0x00000010   Code   RO         1473    i._Z14MPU6050_Updatav  mpu6050.o
    0x08004070   0x00000178   Code   RO         1866    i._Z14Motor_TIM_Initv  motor.o
    0x080041e8   0x00000128   Code   RO          502    i._Z14POS_Inner_Loopj  flycontrol.o
    0x08004310   0x00000300   Code   RO          503    i._Z14POS_Outer_Loopj  flycontrol.o
    0x08004610   0x0000030c   Code   RO         1933    i._Z14PWM_CPT_Updatav  pwm_capture.o
    0x0800491c   0x00000210   Code   RO          376    i._Z14Send_Senser_PCv  communication.o
    0x08004b2c   0x0000003c   Code   RO         2180    i._Z14usart1_receivePht  usart.o
    0x08004b68   0x000000a4   Code   RO         1867    i._Z15Motor_GPIO_Initv  motor.o
    0x08004c0c   0x000000fc   Code   RO          769    i._Z15Position_Updatat  position.o
    0x08004d08   0x00000104   Code   RO          378    i._Z15Send_Senser2_PCv  communication.o
    0x08004e0c   0x00000254   Code   RO          861    i._Z16Controller_Statet  sysstate.o
    0x08005060   0x000004e4   Code   RO          379    i._Z16Data_Analysis_PCv  communication.o
    0x08005544   0x0000012c   Code   RO         1474    i._Z16MPU6050_Read_ACCv  mpu6050.o
    0x08005670   0x0000012c   Code   RO         1475    i._Z16MPU6050_Read_GYRv  mpu6050.o
    0x0800579c   0x00000080   Code   RO         1646    i._Z16MS5611_PROM_Readv  ms5611.o
    0x0800581c   0x00000134   Code   RO         1934    i._Z16PWM_CPT_TIM_Initv  pwm_capture.o
    0x08005950   0x0000044c   Code   RO          380    i._Z16Send_PID_Para_PCh  communication.o
    0x08005d9c   0x00000328   Code   RO          381    i._Z16Send_UserData_PCv  communication.o
    0x080060c4   0x00000208   Code   RO         1476    i._Z17MPU6050_Calibratev  mpu6050.o
    0x080062cc   0x00000078   Code   RO         1477    i._Z17MPU6050_Para_Readv  mpu6050.o
    0x08006344   0x00000014   Code   RO         1478    i._Z17MPU6050_Para_Savev  mpu6050.o
    0x08006358   0x0000007c   Code   RO         1647    i._Z17MS5611_Read_3Bytev  ms5611.o
    0x080063d4   0x000000a4   Code   RO         1935    i._Z17PWM_CPT_GPIO_Initv  pwm_capture.o
    0x08006478   0x0000003e   Code   RO         1936    i._Z17PWM_CPT_NVIC_Initv  pwm_capture.o
    0x080064b6   0x00000002   PAD
    0x080064b8   0x00000d04   Code   RO          643    i._Z17Updata_Quaternion6VectorS_S_d  attitude.o
    0x080071bc   0x00000054   Code   RO         1648    i._Z18MS5611_GetPressurev  ms5611.o
    0x08007210   0x00000034   Code   RO         1649    i._Z19MS5611_Send_Commondh  ms5611.o
    0x08007244   0x00000080   Code   RO          920    i._Z20XY_Coordinate_Rotatefff  math_user.o
    0x080072c4   0x00000054   Code   RO         1650    i._Z21MS5611_GetTemperaturev  ms5611.o
    0x08007318   0x00000030   Code   RO         1811    i._Z6LED_Ont        led.o
    0x08007348   0x00000014   Code   RO          921    i._Z7Degreesf       math_user.o
    0x0800735c   0x0000003a   Code   RO         2363    i._Z7DequeuePhP6Queue_  queue.o
    0x08007396   0x00000038   Code   RO         2364    i._Z7EnqueuehP6Queue_  queue.o
    0x080073ce   0x00000002   Code   RO         2075    i._Z7GPS_Cofv       gps_uart.o
    0x080073d0   0x0000002c   Code   RO         2365    i._Z7InqueuehPh     queue.o
    0x080073fc   0x00000028   Code   RO         1812    i._Z7LED_Offt       led.o
    0x08007424   0x00000014   Code   RO          922    i._Z7Radiansf       math_user.o
    0x08007438   0x00000080   Code   RO         2023    i._Z8ADC_Initv      battery.o
    0x080074b8   0x00000054   Code   RO         2076    i._Z8GPS_sendPht    gps_uart.o
    0x0800750c   0x0000003c   Code   RO         1813    i._Z8LED_Initv      led.o
    0x08007548   0x0000005c   Code   RO          862    i._Z8RC_Statet      sysstate.o
    0x080075a4   0x00000034   Code   RO         2134    i._Z9Buzzer_Ont     buzzer.o
    0x080075d8   0x0000005c   Code   RO          923    i._Z9Constrainddd   math_user.o
    0x08007634   0x00000024   Code   RO          924    i._Z9Dead_Zoneff    math_user.o
    0x08007658   0x00000048   Code   RO          304    i._Z9Loop_50Hzt     scheduler.o
    0x080076a0   0x00000054   Code   RO          863    i._Z9Pow_Statet     sysstate.o
    0x080076f4   0x000000f0   Code   RO         2412    i._Z9SBUS_Initv     sbus.o
    0x080077e4   0x00000064   Code   RO          925    i._Z9Safe_Asinf     math_user.o
    0x08007848   0x00000074   Code   RO         1745    i._Z9Time_Initv     time.o
    0x080078bc   0x00000094   Code   RO          770    i._Z9XY_Updatet6Vector  position.o
    0x08007950   0x0000010c   Code   RO         1236    i._ZN10Filter_2nd12LPF2ndFilterE6Vector  filter.o
    0x08007a5c   0x0000005a   Code   RO         1237    i._ZN10Filter_2nd12LPF2ndFilterEf  filter.o
    0x08007ab6   0x00000002   PAD
    0x08007ab8   0x000000b4   Code   RO         1238    i._ZN10Filter_2ndC1Efffff  filter.o
    0x08007b6c   0x000000ac   Code   RO         1239    i._ZN10Filter_2ndC1Ev  filter.o
    0x08007c18   0x00000012   Code   RO         2005    i._ZN12PWM_In_Data_C1Ev  pwm_capture.o
    0x08007c2a   0x00000002   PAD
    0x08007c2c   0x00000020   Code   RO          815    i._ZN14Filter_BalanceC1Eff  position.o
    0x08007c4c   0x000000ce   Code   RO         1242    i._ZN15Filter_MidValue6BubbleEPf  filter.o
    0x08007d1a   0x000000aa   Code   RO         1243    i._ZN15Filter_MidValue8MidValueE6Vector  filter.o
    0x08007dc4   0x00000046   Code   RO         1244    i._ZN15Filter_MidValue8MidValueEf  filter.o
    0x08007e0a   0x00000002   PAD
    0x08007e0c   0x000008bc   Code   RO         1245    i._ZN17Filter_EKF_Double16EKFFilter_DoubleEfffffRfS0_f  filter.o
    0x080086c8   0x000000bc   Code   RO          821    i._ZN17Filter_EKF_DoubleC1Effff  position.o
    0x08008784   0x000000c0   Code   RO         1375    i._ZN3GPS10GPS_UpdateEv  gps_parse.o
    0x08008844   0x0000003c   Code   RO         1376    i._ZN3GPS12GPS_Read_StrEPht  gps_parse.o
    0x08008880   0x00000090   Code   RO         1377    i._ZN3GPS13GPS_Find_HeadEPKcS1_S1_  gps_parse.o
    0x08008910   0x000001f0   Code   RO         1378    i._ZN3GPS18GPS_Unit_transformEv  gps_parse.o
    0x08008b00   0x000002a4   Code   RO         1379    i._ZN3GPS9GPS_ParseER5GXGGAPKh  gps_parse.o
    0x08008da4   0x00000228   Code   RO         1381    i._ZN3GPS9GPS_ParseER5GXRMCPKh  gps_parse.o
    0x08008fcc   0x00000278   Code   RO         1320    i._ZN3PID11Cal_PID_POSEi  pid.o
    0x08009244   0x000002a0   Code   RO         1321    i._ZN3PID18Cal_PID_POS_BT_LPFEi  pid.o
    0x080094e4   0x00000014   Code   RO         1322    i._ZN3PID5Rst_IEv   pid.o
    0x080094f8   0x00000084   Code   RO         1323    i._ZN3PIDC1Effff    pid.o
    0x0800957c   0x00000084   Code   RO         1324    i._ZN3PIDC1Effff10Filter_2nd  pid.o
    0x08009600   0x0000005c   Code   RO         1325    i._ZN3PIDC1Ev       pid.o
    0x0800965c   0x0000004c   Code   RO         1382    i._ZN5GXGGA16GXGGA_Data_ClearEv  gps_parse.o
    0x080096a8   0x00000054   Code   RO         1383    i._ZN5GXRMC16GXRMC_Data_ClearEv  gps_parse.o
    0x080096fc   0x0000000e   Code   RO          827    i._ZN6VectorC1Efff  position.o
    0x0800970a   0x00000002   PAD
    0x0800970c   0x00000020   Code   RO          554    i._ZN6VectorC1Ev    flycontrol.o
    0x0800972c   0x00000048   Code   RO         1128    i._ZN7Target_3RunEv  target.o
    0x08009774   0x0000001a   Code   RO           39    i._ZN7Target_C1EPFvtEi  main.o
    0x0800978e   0x0000006a   Code   RO         1152    i._ZN9I2C_Soft_11Single_ReadEhh  i2c_soft.o
    0x080097f8   0x00000056   Code   RO         1153    i._ZN9I2C_Soft_12Single_WriteEhhh  i2c_soft.o
    0x0800984e   0x00000036   Code   RO         1154    i._ZN9I2C_Soft_3AckEv  i2c_soft.o
    0x08009884   0x0000004a   Code   RO         1155    i._ZN9I2C_Soft_4InitEv  i2c_soft.o
    0x080098ce   0x00000036   Code   RO         1156    i._ZN9I2C_Soft_4StopEv  i2c_soft.o
    0x08009904   0x00000010   Code   RO         1157    i._ZN9I2C_Soft_5DelayEv  i2c_soft.o
    0x08009914   0x00000036   Code   RO         1158    i._ZN9I2C_Soft_5NoAckEv  i2c_soft.o
    0x0800994a   0x00000056   Code   RO         1159    i._ZN9I2C_Soft_5StartEv  i2c_soft.o
    0x080099a0   0x00000052   Code   RO         1160    i._ZN9I2C_Soft_7WaitAckEv  i2c_soft.o
    0x080099f2   0x0000004e   Code   RO         1161    i._ZN9I2C_Soft_8ReadByteEv  i2c_soft.o
    0x08009a40   0x00000052   Code   RO         1162    i._ZN9I2C_Soft_8SendByteEh  i2c_soft.o
    0x08009a92   0x00000002   PAD
    0x08009a94   0x00000090   Code   RO         1553    i._ZN9I2C_Soft_C1Ecttt  mpu6050.o
    0x08009b24   0x00000030   Code   RO         5911    i.__ARM_fpclassify  m_wm.l(fpclassify.o)
    0x08009b54   0x00000026   Code   RO         5821    i.__ARM_fpclassifyf  m_wm.l(fpclassifyf.o)
    0x08009b7a   0x00000024   Code   RO         5646    i.__aeabi_vec_ctor_nocookie_nodtor  cpprt_w.l(aeabi_vec_ctor_nocookie_nodtor.o)
    0x08009b9e   0x00000010   Code   RO         5640    i.__cxa_guard_acquire  cpprt_w.l(cxa_guard_acquire.o)
    0x08009bae   0x00000002   PAD
    0x08009bb0   0x0000012c   Code   RO         5701    i.__hardfp_asinf    m_wm.l(asinf.o)
    0x08009cdc   0x00000250   Code   RO         5713    i.__hardfp_atan2f   m_wm.l(atan2f.o)
    0x08009f2c   0x00000014   Code   RO         5725    i.__hardfp_fabs     m_wm.l(fabs.o)
    0x08009f40   0x00000c38   Code   RO         5837    i.__hardfp_pow      m_wm.l(pow.o)
    0x0800ab78   0x0000060c   Code   RO         5731    i.__hardfp_powf     m_wm.l(powf.o)
    0x0800b184   0x00000004   Code   RO         5745    i.__hardfp_powl     m_wm.l(powl.o)
    0x0800b188   0x000000f8   Code   RO         5913    i.__kernel_poly     m_wm.l(poly.o)
    0x0800b280   0x00000030   Code   RO         5897    i.__mathlib_dbl_divzero  m_wm.l(dunder.o)
    0x0800b2b0   0x00000014   Code   RO         5899    i.__mathlib_dbl_infnan2  m_wm.l(dunder.o)
    0x0800b2c4   0x00000004   PAD
    0x0800b2c8   0x00000020   Code   RO         5900    i.__mathlib_dbl_invalid  m_wm.l(dunder.o)
    0x0800b2e8   0x00000020   Code   RO         5901    i.__mathlib_dbl_overflow  m_wm.l(dunder.o)
    0x0800b308   0x00000020   Code   RO         5903    i.__mathlib_dbl_underflow  m_wm.l(dunder.o)
    0x0800b328   0x00000014   Code   RO         5823    i.__mathlib_flt_divzero  m_wm.l(funder.o)
    0x0800b33c   0x00000006   Code   RO         5824    i.__mathlib_flt_infnan  m_wm.l(funder.o)
    0x0800b342   0x00000006   Code   RO         5825    i.__mathlib_flt_infnan2  m_wm.l(funder.o)
    0x0800b348   0x00000010   Code   RO         5826    i.__mathlib_flt_invalid  m_wm.l(funder.o)
    0x0800b358   0x00000010   Code   RO         5827    i.__mathlib_flt_overflow  m_wm.l(funder.o)
    0x0800b368   0x00000010   Code   RO         5829    i.__mathlib_flt_underflow  m_wm.l(funder.o)
    0x0800b378   0x0000003c   Code   RO          644    i.__sti___10_Attitude_c_Q  attitude.o
    0x0800b3b4   0x000000b0   Code   RO          771    i.__sti___10_Position_c_0be53425  position.o
    0x0800b464   0x00000268   Code   RO          504    i.__sti___12_FlyControl_c_6e3fbe5e  flycontrol.o
    0x0800b6cc   0x000000ac   Code   RO         1384    i.__sti___13_GPS_Parse_cpp_8a0e1496  gps_parse.o
    0x0800b778   0x00000038   Code   RO         1937    i.__sti___13_PWM_Capture_c_9e817118  pwm_capture.o
    0x0800b7b0   0x00000050   Code   RO            5    i.__sti___6_main_c_TG_50HZ  main.o
    0x0800b800   0x0000003c   Code   RO         2471    i.__sti___7_Ultra_c_220f73de  ultra.o
    0x0800b83c   0x00000064   Code   RO         1651    i.__sti___8_MS5611_c_c0e1f7a6  ms5611.o
    0x0800b8a0   0x000000a4   Code   RO         1595    i.__sti___9_HMC5883_c_5f2e7b48  hmc5883.o
    0x0800b944   0x000000a4   Code   RO         1479    i.__sti___9_MPU6050_c_b1a692db  mpu6050.o
    0x0800b9e8   0x00000090   Code   RO         5200    i.arm_cos_f32       arm_cos_f32.o
    0x0800ba78   0x0000008c   Code   RO         5171    i.arm_sin_f32       arm_sin_f32.o
    0x0800bb04   0x00000018   Code   RO         5727    i.fabs              m_wm.l(fabs.o)
    0x0800bb1c   0x00000098   Code   RO            6    i.main              main.o
    0x0800bbb4   0x0000006e   Code   RO         5918    i.sqrt              m_wm.l(sqrt.o)
    0x0800bc22   0x0000003e   Code   RO         5853    i.sqrtf             m_wm.l(sqrtf.o)
    0x0800bc60   0x00000018   Code   RO         5649    x$fpl$basic         fz_wm.l(basic.o)
    0x0800bc78   0x00000062   Code   RO         5651    x$fpl$d2f           fz_wm.l(d2f.o)
    0x0800bcda   0x00000002   PAD
    0x0800bcdc   0x00000150   Code   RO         5653    x$fpl$dadd          fz_wm.l(daddsub_clz.o)
    0x0800be2c   0x00000010   Code   RO         5953    x$fpl$dcheck1       fz_wm.l(dcheck1.o)
    0x0800be3c   0x00000018   Code   RO         5808    x$fpl$dcmpinf       fz_wm.l(dcmpi.o)
    0x0800be54   0x000002b0   Code   RO         5660    x$fpl$ddiv          fz_wm.l(ddiv.o)
    0x0800c104   0x00000078   Code   RO         5663    x$fpl$deqf          fz_wm.l(deqf.o)
    0x0800c17c   0x0000005e   Code   RO         5665    x$fpl$dfix          fz_wm.l(dfix.o)
    0x0800c1da   0x00000002   PAD
    0x0800c1dc   0x0000005a   Code   RO         5673    x$fpl$dfixu         fz_wm.l(dfixu.o)
    0x0800c236   0x0000002e   Code   RO         5678    x$fpl$dflt          fz_wm.l(dflt_clz.o)
    0x0800c264   0x000000a2   Code   RO         5683    x$fpl$dfltll        fz_wm.l(dfltll_clz.o)
    0x0800c306   0x00000026   Code   RO         5677    x$fpl$dfltu         fz_wm.l(dflt_clz.o)
    0x0800c32c   0x0000008a   Code   RO         5684    x$fpl$dfltull       fz_wm.l(dfltll_clz.o)
    0x0800c3b6   0x00000002   PAD
    0x0800c3b8   0x00000078   Code   RO         5687    x$fpl$dleqf         fz_wm.l(dleqf.o)
    0x0800c430   0x00000154   Code   RO         5689    x$fpl$dmul          fz_wm.l(dmul.o)
    0x0800c584   0x0000009c   Code   RO         5810    x$fpl$dnaninf       fz_wm.l(dnaninf.o)
    0x0800c620   0x0000000c   Code   RO         5812    x$fpl$dretinf       fz_wm.l(dretinf.o)
    0x0800c62c   0x0000006c   Code   RO         5691    x$fpl$drleqf        fz_wm.l(drleqf.o)
    0x0800c698   0x00000016   Code   RO         5654    x$fpl$drsb          fz_wm.l(daddsub_clz.o)
    0x0800c6ae   0x00000002   PAD
    0x0800c6b0   0x00000198   Code   RO         5955    x$fpl$dsqrt         fz_wm.l(dsqrt_umaal.o)
    0x0800c848   0x000001d4   Code   RO         5655    x$fpl$dsub          fz_wm.l(daddsub_clz.o)
    0x0800ca1c   0x00000056   Code   RO         5693    x$fpl$f2d           fz_wm.l(f2d.o)
    0x0800ca72   0x00000060   Code   RO         5699    x$fpl$ffltll        fz_wm.l(ffltll_clz.o)
    0x0800cad2   0x0000008c   Code   RO         5814    x$fpl$fnaninf       fz_wm.l(fnaninf.o)
    0x0800cb5e   0x0000000a   Code   RO         5893    x$fpl$fpinit        fz_wm.l(fpinit.o)
    0x0800cb68   0x0000000a   Code   RO         5816    x$fpl$fretinf       fz_wm.l(fretinf.o)
    0x0800cb72   0x00000002   PAD
    0x0800cb74   0x000000c2   Code   RO         5669    x$fpl$llsfromd      fz_wm.l(dfixll.o)
    0x0800cc36   0x00000002   PAD
    0x0800cc38   0x00000086   Code   RO         5695    x$fpl$llsfromf      fz_wm.l(ffixll.o)
    0x0800ccbe   0x00000064   Code   RO         6037    x$fpl$retnan        fz_wm.l(retnan.o)
    0x0800cd22   0x0000005c   Code   RO         5895    x$fpl$scalbn        fz_wm.l(scalbn.o)
    0x0800cd7e   0x00000030   Code   RO         6092    x$fpl$trapveneer    fz_wm.l(trapv.o)
    0x0800cdae   0x00000000   Code   RO         5820    x$fpl$usenofp       fz_wm.l(usenofp.o)
    0x0800cdae   0x000000c0   Data   RO         2419    .constdata          sbus.o
    0x0800ce6e   0x00000002   PAD
    0x0800ce70   0x00000804   Data   RO         5146    .constdata          arm_common_tables.o
    0x0800d674   0x00000140   Data   RO         5734    .constdata          m_wm.l(powf.o)
    0x0800d7b4   0x00000004   PAD
    0x0800d7b8   0x00000088   Data   RO         5840    .constdata          m_wm.l(pow.o)
    0x0800d840   0x00000008   Data   RO         5915    .constdata          m_wm.l(qnan.o)
    0x0800d848   0x00000020   Data   RO         6149    Region$$Table       anon$$obj.o
    0x0800d868   0x00000004   Data   RO           12    .init_array         main.o
    0x0800d86c   0x00000004   Data   RO          513    .init_array         flycontrol.o
    0x0800d870   0x00000004   Data   RO          652    .init_array         attitude.o
    0x0800d874   0x00000004   Data   RO          779    .init_array         position.o
    0x0800d878   0x00000004   Data   RO         1398    .init_array         gps_parse.o
    0x0800d87c   0x00000004   Data   RO         1492    .init_array         mpu6050.o
    0x0800d880   0x00000004   Data   RO         1601    .init_array         hmc5883.o
    0x0800d884   0x00000004   Data   RO         1665    .init_array         ms5611.o
    0x0800d888   0x00000004   Data   RO         1949    .init_array         pwm_capture.o
    0x0800d88c   0x00000004   Data   RO         2477    .init_array         ultra.o
    0x0800d890   0x00000000   Data   RO         5635    .init_array         c_w.l(init_aeabi.o)


    Execution Region RW_IRAM1 (Base: 0x20000000, Size: 0x00001d20, Max: 0x00020000, ABSOLUTE, COMPRESSED[0x0000013c])

    Base Addr    Size         Type   Attr      Idx    E Section Name        Object

    0x20000000   0x00000014   Data   RW          310    .data               scheduler.o
    0x20000014   0x0000000e   Data   RW          400    .data               communication.o
    0x20000022   0x00000006   PAD
    0x20000028   0x00000919   Data   RW          512    .data               flycontrol.o
    0x20000941   0x00000007   PAD
    0x20000948   0x00000038   Data   RW          651    .data               attitude.o
    0x20000980   0x00000046   Data   RW          778    .data               position.o
    0x200009c6   0x00000002   PAD
    0x200009c8   0x0000000c   Data   RW          869    .data               sysstate.o
    0x200009d4   0x00000010   Data   RW          934    .data               math_user.o
    0x200009e4   0x00000001   Data   RW         1397    .data               gps_parse.o
    0x200009e5   0x00000003   PAD
    0x200009e8   0x0000001c   Data   RW         1491    .data               mpu6050.o
    0x20000a04   0x00000014   Data   RW         1600    .data               hmc5883.o
    0x20000a18   0x00000038   Data   RW         1664    .data               ms5611.o
    0x20000a50   0x0000002c   Data   RW         1752    .data               time.o
    0x20000a7c   0x0000001c   Data   RW         1818    .data               led.o
    0x20000a98   0x00000014   Data   RW         1875    .data               motor.o
    0x20000aac   0x00000028   Data   RW         1948    .data               pwm_capture.o
    0x20000ad4   0x00000019   Data   RW         2028    .data               battery.o
    0x20000aed   0x00000003   PAD
    0x20000af0   0x00000010   Data   RW         2083    .data               gps_uart.o
    0x20000b00   0x00000010   Data   RW         2138    .data               buzzer.o
    0x20000b10   0x0000000c   Data   RW         2186    .data               usart.o
    0x20000b1c   0x0000000c   Data   RW         2369    .data               queue.o
    0x20000b28   0x00000021   Data   RW         2420    .data               sbus.o
    0x20000b49   0x00000003   PAD
    0x20000b4c   0x00000014   Data   RW         2525    .data               system_stm32f4xx.o
    0x20000b60   0x00000010   Data   RW         3794    .data               stm32f4xx_rcc.o
    0x20000b70   0x00000080   Zero   RW           10    .bss                main.o
    0x20000bf0   0x00000070   Zero   RW          399    .bss                communication.o
    0x20000c60   0x00000044   Zero   RW          511    .bss                flycontrol.o
    0x20000ca4   0x00000028   Zero   RW          650    .bss                attitude.o
    0x20000ccc   0x00000004   PAD
    0x20000cd0   0x000001d4   Zero   RW          777    .bss                position.o
    0x20000ea4   0x00000004   PAD
    0x20000ea8   0x000000c0   Zero   RW         1396    .bss                gps_parse.o
    0x20000f68   0x000000e4   Zero   RW         1490    .bss                mpu6050.o
    0x2000104c   0x00000078   Zero   RW         1599    .bss                hmc5883.o
    0x200010c4   0x00000004   PAD
    0x200010c8   0x000000c0   Zero   RW         1663    .bss                ms5611.o
    0x20001188   0x00000018   Zero   RW         1874    .bss                motor.o
    0x200011a0   0x0000004c   Zero   RW         1947    .bss                pwm_capture.o
    0x200011ec   0x00000218   Zero   RW         2082    .bss                gps_uart.o
    0x20001404   0x00000218   Zero   RW         2185    .bss                usart.o
    0x2000161c   0x00000062   Zero   RW         2418    .bss                sbus.o
    0x2000167e   0x00000002   PAD
    0x20001680   0x00000040   Zero   RW         2475    .bss                ultra.o
    0x200016c0   0x00000060   Zero   RW         5929    .bss                c_w.l(libspace.o)
    0x20001720   0x00000200   Zero   RW         2510    HEAP                startup_stm32f40_41xxx.o
    0x20001920   0x00000400   Zero   RW         2509    STACK               startup_stm32f40_41xxx.o


==============================================================================

Image component sizes


      Code (inc. data)   RO Data    RW Data    ZI Data      Debug   Object Name

         0          0       2052          0          0        639   arm_common_tables.o
       144         12          0          0          0        750   arm_cos_f32.o
       140         12          0          0          0        746   arm_sin_f32.o
      3608        152          4         56         40      21303   attitude.o
       352         46          0         25          0       3440   battery.o
       132         22          0         16          0       2252   buzzer.o
      5238        196          0         14        112      10762   communication.o
      3392         34          0          0          0       5984   filter.o
      4208        526          4       2329         68      10683   flycontrol.o
      2796        158          4          1        192      10045   gps_parse.o
       506         70          0         16        536       4483   gps_uart.o
       712         72          4         20        120       4418   hmc5883.o
       772          0          0          0          0       6668   i2c_soft.o
       212         36          0         28          0       2940   led.o
       258         72          4          0        128     333807   main.o
       616         46          0         16          0      20897   math_user.o
       140         24          0          0          0       1579   misc.o
      1504         74          0         20         24       4406   motor.o
      2016        172          4         28        228      10283   mpu6050.o
      1720        176          4         56        192       7984   ms5611.o
      1680         68          0          0          0       4156   pid.o
       838        110          4         70        468       7692   position.o
      2388        172          4         40         76       7852   pwm_capture.o
       158          0          0         12          0       3090   queue.o
       724         90        192         33         98       5865   sbus.o
       186         56          0         20          0       4093   scheduler.o
        64         26        392          0       1536        840   startup_stm32f40_41xxx.o
       392         24          0          0          0       5559   stm32f4xx_adc.o
       110          6          0          0          0       2405   stm32f4xx_dma.o
       402         40          0          0          0       4525   stm32f4xx_flash.o
       222          0          0          0          0       2927   stm32f4xx_gpio.o
        24          0          0          0          0       3724   stm32f4xx_it.o
       388         44          0         16          0       5913   stm32f4xx_rcc.o
      1822        120          0          0          0      20759   stm32f4xx_tim.o
       468          8          0          0          0       6159   stm32f4xx_usart.o
       796         86          0         12          0       3143   sysstate.o
       340         32          0         20          0       1841   system_stm32f4xx.o
        72          4          0          0          0        572   target.o
       364         34          0         44          0      30669   time.o
        60         14          4          0         64        904   ultra.o
       504         68          0         12        536       3916   usart.o

    ----------------------------------------------------------------------
     40510       2902       2710       2928       4432     590673   Object Totals
         0          0         32          0          0          0   (incl. Generated)
        42          0          2         24         14          0   (incl. Padding)

    ----------------------------------------------------------------------

      Code (inc. data)   RO Data    RW Data    ZI Data      Debug   Library Member Name

        90          0          0          0          0          0   __dczerorl2.o
         8          0          0          0          0         68   __main.o
         0          0          0          0          0          0   __rtentry.o
        12          0          0          0          0          0   __rtentry2.o
         6          0          0          0          0          0   __rtentry4.o
        52          8          0          0          0          0   __scatter.o
        28          0          0          0          0          0   __scatter_zi.o
        22          0          0          0          0        100   _rserrno.o
        12          0          0          0          0         72   exit.o
         6          0          0          0          0        152   heapauxi.o
         0          0          0          0          0          0   indicate_semi.o
        36         10          0          0          0         80   init_aeabi.o
         2          0          0          0          0          0   libinit.o
        10          0          0          0          0          0   libinit2.o
         2          0          0          0          0          0   libshutdown.o
         2          0          0          0          0          0   libshutdown2.o
         8          4          0          0         96         68   libspace.o
        72          0          0          0          0         76   llsdiv.o
       238          0          0          0          0        100   lludivv7m.o
         8          4          0          0          0         68   rt_errno_addr_intlibspace.o
        78          0          0          0          0         80   rt_memclr_w.o
       100          0          0          0          0         80   rt_memcpy_w.o
         2          0          0          0          0          0   rtexit.o
        10          0          0          0          0          0   rtexit2.o
        12          4          0          0          0         68   sys_exit.o
        74          0          0          0          0         80   sys_stackheap_outer.o
         2          0          0          0          0         68   use_no_semi.o
        36          0          0          0          0         84   aeabi_vec_ctor_nocookie_nodtor.o
        16          0          0          0          0         68   cxa_guard_acquire.o
        24          0          0          0          0        164   basic.o
        98          4          0          0          0        140   d2f.o
       826         16          0          0          0        492   daddsub_clz.o
        16          4          0          0          0        116   dcheck1.o
        24          0          0          0          0        116   dcmpi.o
       688        140          0          0          0        256   ddiv.o
       120          4          0          0          0        140   deqf.o
        94          4          0          0          0        140   dfix.o
       194          4          0          0          0        164   dfixll.o
        90          4          0          0          0        140   dfixu.o
        84          0          0          0          0        232   dflt_clz.o
       300          0          0          0          0        264   dfltll_clz.o
       120          4          0          0          0        140   dleqf.o
       340         12          0          0          0        152   dmul.o
       156          4          0          0          0        140   dnaninf.o
        12          0          0          0          0        116   dretinf.o
       108          0          0          0          0        128   drleqf.o
       408         56          0          0          0        168   dsqrt_umaal.o
        86          4          0          0          0        132   f2d.o
       134          4          0          0          0        132   ffixll.o
        96          0          0          0          0        132   ffltll_clz.o
       140          4          0          0          0        132   fnaninf.o
        10          0          0          0          0        116   fpinit.o
        10          0          0          0          0        116   fretinf.o
       100          0          0          0          0        116   retnan.o
        92          0          0          0          0        116   scalbn.o
        48          0          0          0          0        116   trapv.o
         0          0          0          0          0          0   usenofp.o
       300         42          0          0          0        176   asinf.o
       592         90          0          0          0        184   atan2f.o
       164         44          0          0          0        620   dunder.o
        44          0          0          0          0        248   fabs.o
        48          0          0          0          0        124   fpclassify.o
        38          0          0          0          0        116   fpclassifyf.o
        80         24          0          0          0        696   funder.o
       248          0          0          0          0        152   poly.o
      3128        302        136          0          0        356   pow.o
      1548        110        320          0          0        268   powf.o
         4          0          0          0          0        116   powl.o
         0          0          8          0          0          0   qnan.o
       110          0          0          0          0        148   sqrt.o
        62          0          0          0          0        136   sqrtf.o

    ----------------------------------------------------------------------
     11752        910        468          0         96       8968   Library Totals
        24          0          4          0          0          0   (incl. Padding)

    ----------------------------------------------------------------------

      Code (inc. data)   RO Data    RW Data    ZI Data      Debug   Library Name

       892         30          0          0         96       1160   c_w.l
        52          0          0          0          0        152   cpprt_w.l
      4418        268          0          0          0       4316   fz_wm.l
      6366        612        464          0          0       3340   m_wm.l

    ----------------------------------------------------------------------
     11752        910        468          0         96       8968   Library Totals

    ----------------------------------------------------------------------

==============================================================================


      Code (inc. data)   RO Data    RW Data    ZI Data      Debug   

     52262       3812       3178       2928       4528     571517   Grand Totals
     52262       3812       3178        316       4528     571517   ELF Image Totals (compressed)
     52262       3812       3178        316          0          0   ROM Totals

==============================================================================

    Total RO  Size (Code + RO Data)                55440 (  54.14kB)
    Total RW  Size (RW Data + ZI Data)              7456 (   7.28kB)
    Total ROM Size (Code + RO Data + RW Data)      55756 (  54.45kB)

==============================================================================

